[6.072s] Invoking command in '/home/a720a/ros_ws/src/yolo_detector': DEBUGINFOD_URLS=https://debuginfod.ubuntu.com PYTHONPATH=/home/a720a/ros_ws/build/yolo_detector/prefix_override:/usr/lib/python3/dist-packages/colcon_core/task/python/colcon_distutils_commands:/home/a720a/ros_ws/install/yolo_detector/lib/python3.12/site-packages:${PYTHONPATH} /usr/bin/python3 -W ignore:setup.py install is deprecated -W ignore:easy_install command is deprecated setup.py egg_info --egg-base ../../build/yolo_detector build --build-base /home/a720a/ros_ws/build/yolo_detector/build install --record /home/a720a/ros_ws/build/yolo_detector/install.log --single-version-externally-managed install_data
[7.825s] running egg_info
[7.948s] writing ../../build/yolo_detector/yolo_detector.egg-info/PKG-INFO
[7.951s] writing dependency_links to ../../build/yolo_detector/yolo_detector.egg-info/dependency_links.txt
[7.953s] writing entry points to ../../build/yolo_detector/yolo_detector.egg-info/entry_points.txt
[7.955s] writing requirements to ../../build/yolo_detector/yolo_detector.egg-info/requires.txt
[7.956s] writing top-level names to ../../build/yolo_detector/yolo_detector.egg-info/top_level.txt
[8.215s] reading manifest file '../../build/yolo_detector/yolo_detector.egg-info/SOURCES.txt'
[8.220s] writing manifest file '../../build/yolo_detector/yolo_detector.egg-info/SOURCES.txt'
[8.221s] running build
[8.221s] running build_py
[8.225s] running install
[8.259s] running install_lib
[8.419s] running install_data
[8.421s] running install_egg_info
[8.553s] removing '/home/a720a/ros_ws/install/yolo_detector/lib/python3.12/site-packages/yolo_detector-0.0.0-py3.12.egg-info' (and everything under it)
[8.556s] Copying ../../build/yolo_detector/yolo_detector.egg-info to /home/a720a/ros_ws/install/yolo_detector/lib/python3.12/site-packages/yolo_detector-0.0.0-py3.12.egg-info
[8.563s] running install_scripts
[9.494s] Installing camera_node script to /home/a720a/ros_ws/install/yolo_detector/lib/yolo_detector
[9.501s] Installing yolo_node script to /home/a720a/ros_ws/install/yolo_detector/lib/yolo_detector
[9.504s] writing list of installed files to '/home/a720a/ros_ws/build/yolo_detector/install.log'
[9.693s] Invoked command in '/home/a720a/ros_ws/src/yolo_detector' returned '0': DEBUGINFOD_URLS=https://debuginfod.ubuntu.com PYTHONPATH=/home/a720a/ros_ws/build/yolo_detector/prefix_override:/usr/lib/python3/dist-packages/colcon_core/task/python/colcon_distutils_commands:/home/a720a/ros_ws/install/yolo_detector/lib/python3.12/site-packages:${PYTHONPATH} /usr/bin/python3 -W ignore:setup.py install is deprecated -W ignore:easy_install command is deprecated setup.py egg_info --egg-base ../../build/yolo_detector build --build-base /home/a720a/ros_ws/build/yolo_detector/build install --record /home/a720a/ros_ws/build/yolo_detector/install.log --single-version-externally-managed install_data
