[0.805s] [34mcolcon[0m [1;30mDEBUG[0m [32mCommand line arguments: ['/usr/bin/colcon', 'build', '--symlink-install'][0m
[0.805s] [34mcolcon[0m [1;30mDEBUG[0m [32mParsed command line arguments: Namespace(log_base=None, log_level=None, verb_name='build', build_base='build', install_base='install', merge_install=False, symlink_install=True, test_result_base=None, continue_on_error=False, executor='parallel', parallel_workers=4, event_handlers=None, ignore_user_meta=False, metas=['./colcon.meta'], base_paths=['.'], packages_ignore=None, packages_ignore_regex=None, paths=None, packages_up_to=None, packages_up_to_regex=None, packages_above=None, packages_above_and_dependencies=None, packages_above_depth=None, packages_select_by_dep=None, packages_skip_by_dep=None, packages_skip_up_to=None, packages_select_build_failed=False, packages_skip_build_finished=False, packages_select_test_failures=False, packages_skip_test_passed=False, packages_select=None, packages_skip=None, packages_select_regex=None, packages_skip_regex=None, packages_start=None, packages_end=None, allow_overriding=[], cmake_args=None, cmake_target=None, cmake_target_skip_unavailable=False, cmake_clean_cache=False, cmake_clean_first=False, cmake_force_configure=False, ament_cmake_args=None, catkin_cmake_args=None, catkin_skip_building_tests=False, mixin_files=None, mixin=None, verb_parser=<colcon_mixin.mixin.mixin_argument.MixinArgumentDecorator object at 0xffff81f20850>, verb_extension=<colcon_core.verb.build.BuildVerb object at 0xffff8204ded0>, main=<bound method BuildVerb.main of <colcon_core.verb.build.BuildVerb object at 0xffff8204ded0>>, mixin_verb=('build',))[0m
[2.129s] [34mcolcon.colcon_core.package_discovery[0m [1;30mLevel 1[0m discover_packages(colcon_meta) check parameters
[2.129s] [34mcolcon.colcon_core.package_discovery[0m [1;30mLevel 1[0m discover_packages(recursive) check parameters
[2.130s] [34mcolcon.colcon_core.package_discovery[0m [1;30mLevel 1[0m discover_packages(ignore) check parameters
[2.130s] [34mcolcon.colcon_core.package_discovery[0m [1;30mLevel 1[0m discover_packages(path) check parameters
[2.130s] [34mcolcon.colcon_core.package_discovery[0m [1;30mLevel 1[0m discover_packages(colcon_meta) discover
[2.130s] [34mcolcon.colcon_core.package_discovery[0m [1;30mLevel 1[0m discover_packages(recursive) discover
[2.131s] [34mcolcon.colcon_core.package_discovery[0m [1;30mINFO[0m Crawling recursively for packages in '/home/fr/ros2_ws/balloon_ws'
[2.131s] [34mcolcon.colcon_core.package_identification[0m [1;30mLevel 1[0m _identify(.) by extensions ['ignore', 'ignore_ament_install']
[2.132s] [34mcolcon.colcon_core.package_identification[0m [1;30mLevel 1[0m _identify(.) by extension 'ignore'
[2.132s] [34mcolcon.colcon_core.package_identification[0m [1;30mLevel 1[0m _identify(.) by extension 'ignore_ament_install'
[2.133s] [34mcolcon.colcon_core.package_identification[0m [1;30mLevel 1[0m _identify(.) by extensions ['colcon_pkg']
[2.133s] [34mcolcon.colcon_core.package_identification[0m [1;30mLevel 1[0m _identify(.) by extension 'colcon_pkg'
[2.133s] [34mcolcon.colcon_core.package_identification[0m [1;30mLevel 1[0m _identify(.) by extensions ['colcon_meta']
[2.133s] [34mcolcon.colcon_core.package_identification[0m [1;30mLevel 1[0m _identify(.) by extension 'colcon_meta'
[2.134s] [34mcolcon.colcon_core.package_identification[0m [1;30mLevel 1[0m _identify(.) by extensions ['ros']
[2.134s] [34mcolcon.colcon_core.package_identification[0m [1;30mLevel 1[0m _identify(.) by extension 'ros'
[2.353s] [34mcolcon.colcon_core.package_identification[0m [1;30mLevel 1[0m _identify(.) by extensions ['cmake', 'python']
[2.353s] [34mcolcon.colcon_core.package_identification[0m [1;30mLevel 1[0m _identify(.) by extension 'cmake'
[2.353s] [34mcolcon.colcon_core.package_identification[0m [1;30mLevel 1[0m _identify(.) by extension 'python'
[2.354s] [34mcolcon.colcon_core.package_identification[0m [1;30mLevel 1[0m _identify(.) by extensions ['python_setup_py']
[2.354s] [34mcolcon.colcon_core.package_identification[0m [1;30mLevel 1[0m _identify(.) by extension 'python_setup_py'
[2.354s] [34mcolcon.colcon_core.package_identification[0m [1;30mLevel 1[0m _identify(build) by extensions ['ignore', 'ignore_ament_install']
[2.355s] [34mcolcon.colcon_core.package_identification[0m [1;30mLevel 1[0m _identify(build) by extension 'ignore'
[2.355s] [34mcolcon.colcon_core.package_identification[0m [1;30mLevel 1[0m _identify(build) ignored
[2.356s] [34mcolcon.colcon_core.package_identification[0m [1;30mLevel 1[0m _identify(install) by extensions ['ignore', 'ignore_ament_install']
[2.356s] [34mcolcon.colcon_core.package_identification[0m [1;30mLevel 1[0m _identify(install) by extension 'ignore'
[2.356s] [34mcolcon.colcon_core.package_identification[0m [1;30mLevel 1[0m _identify(install) ignored
[2.357s] [34mcolcon.colcon_core.package_identification[0m [1;30mLevel 1[0m _identify(log) by extensions ['ignore', 'ignore_ament_install']
[2.357s] [34mcolcon.colcon_core.package_identification[0m [1;30mLevel 1[0m _identify(log) by extension 'ignore'
[2.357s] [34mcolcon.colcon_core.package_identification[0m [1;30mLevel 1[0m _identify(log) ignored
[2.358s] [34mcolcon.colcon_core.package_identification[0m [1;30mLevel 1[0m _identify(src) by extensions ['ignore', 'ignore_ament_install']
[2.358s] [34mcolcon.colcon_core.package_identification[0m [1;30mLevel 1[0m _identify(src) by extension 'ignore'
[2.358s] [34mcolcon.colcon_core.package_identification[0m [1;30mLevel 1[0m _identify(src) by extension 'ignore_ament_install'
[2.358s] [34mcolcon.colcon_core.package_identification[0m [1;30mLevel 1[0m _identify(src) by extensions ['colcon_pkg']
[2.359s] [34mcolcon.colcon_core.package_identification[0m [1;30mLevel 1[0m _identify(src) by extension 'colcon_pkg'
[2.359s] [34mcolcon.colcon_core.package_identification[0m [1;30mLevel 1[0m _identify(src) by extensions ['colcon_meta']
[2.359s] [34mcolcon.colcon_core.package_identification[0m [1;30mLevel 1[0m _identify(src) by extension 'colcon_meta'
[2.359s] [34mcolcon.colcon_core.package_identification[0m [1;30mLevel 1[0m _identify(src) by extensions ['ros']
[2.359s] [34mcolcon.colcon_core.package_identification[0m [1;30mLevel 1[0m _identify(src) by extension 'ros'
[2.360s] [34mcolcon.colcon_core.package_identification[0m [1;30mLevel 1[0m _identify(src) by extensions ['cmake', 'python']
[2.360s] [34mcolcon.colcon_core.package_identification[0m [1;30mLevel 1[0m _identify(src) by extension 'cmake'
[2.360s] [34mcolcon.colcon_core.package_identification[0m [1;30mLevel 1[0m _identify(src) by extension 'python'
[2.360s] [34mcolcon.colcon_core.package_identification[0m [1;30mLevel 1[0m _identify(src) by extensions ['python_setup_py']
[2.360s] [34mcolcon.colcon_core.package_identification[0m [1;30mLevel 1[0m _identify(src) by extension 'python_setup_py'
[2.361s] [34mcolcon.colcon_core.package_identification[0m [1;30mLevel 1[0m _identify(src/balloon_detector) by extensions ['ignore', 'ignore_ament_install']
[2.361s] [34mcolcon.colcon_core.package_identification[0m [1;30mLevel 1[0m _identify(src/balloon_detector) by extension 'ignore'
[2.361s] [34mcolcon.colcon_core.package_identification[0m [1;30mLevel 1[0m _identify(src/balloon_detector) by extension 'ignore_ament_install'
[2.362s] [34mcolcon.colcon_core.package_identification[0m [1;30mLevel 1[0m _identify(src/balloon_detector) by extensions ['colcon_pkg']
[2.362s] [34mcolcon.colcon_core.package_identification[0m [1;30mLevel 1[0m _identify(src/balloon_detector) by extension 'colcon_pkg'
[2.362s] [34mcolcon.colcon_core.package_identification[0m [1;30mLevel 1[0m _identify(src/balloon_detector) by extensions ['colcon_meta']
[2.362s] [34mcolcon.colcon_core.package_identification[0m [1;30mLevel 1[0m _identify(src/balloon_detector) by extension 'colcon_meta'
[2.362s] [34mcolcon.colcon_core.package_identification[0m [1;30mLevel 1[0m _identify(src/balloon_detector) by extensions ['ros']
[2.362s] [34mcolcon.colcon_core.package_identification[0m [1;30mLevel 1[0m _identify(src/balloon_detector) by extension 'ros'
[2.384s] [34mcolcon.colcon_core.package_identification[0m [1;30mDEBUG[0m [32mPackage 'src/balloon_detector' with type 'ros.ament_python' and name 'balloon_detector'[0m
[2.385s] [34mcolcon.colcon_core.package_identification[0m [1;30mLevel 1[0m _identify(src/camera_node) by extensions ['ignore', 'ignore_ament_install']
[2.385s] [34mcolcon.colcon_core.package_identification[0m [1;30mLevel 1[0m _identify(src/camera_node) by extension 'ignore'
[2.385s] [34mcolcon.colcon_core.package_identification[0m [1;30mLevel 1[0m _identify(src/camera_node) by extension 'ignore_ament_install'
[2.386s] [34mcolcon.colcon_core.package_identification[0m [1;30mLevel 1[0m _identify(src/camera_node) by extensions ['colcon_pkg']
[2.386s] [34mcolcon.colcon_core.package_identification[0m [1;30mLevel 1[0m _identify(src/camera_node) by extension 'colcon_pkg'
[2.386s] [34mcolcon.colcon_core.package_identification[0m [1;30mLevel 1[0m _identify(src/camera_node) by extensions ['colcon_meta']
[2.386s] [34mcolcon.colcon_core.package_identification[0m [1;30mLevel 1[0m _identify(src/camera_node) by extension 'colcon_meta'
[2.386s] [34mcolcon.colcon_core.package_identification[0m [1;30mLevel 1[0m _identify(src/camera_node) by extensions ['ros']
[2.386s] [34mcolcon.colcon_core.package_identification[0m [1;30mLevel 1[0m _identify(src/camera_node) by extension 'ros'
[2.389s] [34mcolcon.colcon_core.package_identification[0m [1;30mDEBUG[0m [32mPackage 'src/camera_node' with type 'ros.ament_python' and name 'camera_node'[0m
[2.391s] [34mcolcon.colcon_core.package_identification[0m [1;30mLevel 1[0m _identify(src/car_controller) by extensions ['ignore', 'ignore_ament_install']
[2.391s] [34mcolcon.colcon_core.package_identification[0m [1;30mLevel 1[0m _identify(src/car_controller) by extension 'ignore'
[2.392s] [34mcolcon.colcon_core.package_identification[0m [1;30mLevel 1[0m _identify(src/car_controller) by extension 'ignore_ament_install'
[2.392s] [34mcolcon.colcon_core.package_identification[0m [1;30mLevel 1[0m _identify(src/car_controller) by extensions ['colcon_pkg']
[2.392s] [34mcolcon.colcon_core.package_identification[0m [1;30mLevel 1[0m _identify(src/car_controller) by extension 'colcon_pkg'
[2.392s] [34mcolcon.colcon_core.package_identification[0m [1;30mLevel 1[0m _identify(src/car_controller) by extensions ['colcon_meta']
[2.392s] [34mcolcon.colcon_core.package_identification[0m [1;30mLevel 1[0m _identify(src/car_controller) by extension 'colcon_meta'
[2.393s] [34mcolcon.colcon_core.package_identification[0m [1;30mLevel 1[0m _identify(src/car_controller) by extensions ['ros']
[2.393s] [34mcolcon.colcon_core.package_identification[0m [1;30mLevel 1[0m _identify(src/car_controller) by extension 'ros'
[2.396s] [34mcolcon.colcon_core.package_identification[0m [1;30mDEBUG[0m [32mPackage 'src/car_controller' with type 'ros.ament_python' and name 'car_controller'[0m
[2.397s] [34mcolcon.colcon_core.package_identification[0m [1;30mLevel 1[0m _identify(src/serial_bridge) by extensions ['ignore', 'ignore_ament_install']
[2.397s] [34mcolcon.colcon_core.package_identification[0m [1;30mLevel 1[0m _identify(src/serial_bridge) by extension 'ignore'
[2.398s] [34mcolcon.colcon_core.package_identification[0m [1;30mLevel 1[0m _identify(src/serial_bridge) by extension 'ignore_ament_install'
[2.398s] [34mcolcon.colcon_core.package_identification[0m [1;30mLevel 1[0m _identify(src/serial_bridge) by extensions ['colcon_pkg']
[2.398s] [34mcolcon.colcon_core.package_identification[0m [1;30mLevel 1[0m _identify(src/serial_bridge) by extension 'colcon_pkg'
[2.398s] [34mcolcon.colcon_core.package_identification[0m [1;30mLevel 1[0m _identify(src/serial_bridge) by extensions ['colcon_meta']
[2.398s] [34mcolcon.colcon_core.package_identification[0m [1;30mLevel 1[0m _identify(src/serial_bridge) by extension 'colcon_meta'
[2.399s] [34mcolcon.colcon_core.package_identification[0m [1;30mLevel 1[0m _identify(src/serial_bridge) by extensions ['ros']
[2.399s] [34mcolcon.colcon_core.package_identification[0m [1;30mLevel 1[0m _identify(src/serial_bridge) by extension 'ros'
[2.402s] [34mcolcon.colcon_core.package_identification[0m [1;30mDEBUG[0m [32mPackage 'src/serial_bridge' with type 'ros.ament_python' and name 'serial_bridge'[0m
[2.403s] [34mcolcon.colcon_core.package_discovery[0m [1;30mLevel 1[0m discover_packages(recursive) using defaults
[2.403s] [34mcolcon.colcon_core.package_discovery[0m [1;30mLevel 1[0m discover_packages(ignore) discover
[2.403s] [34mcolcon.colcon_core.package_discovery[0m [1;30mLevel 1[0m discover_packages(ignore) using defaults
[2.403s] [34mcolcon.colcon_core.package_discovery[0m [1;30mLevel 1[0m discover_packages(path) discover
[2.403s] [34mcolcon.colcon_core.package_discovery[0m [1;30mLevel 1[0m discover_packages(path) using defaults
[2.496s] [34mcolcon.colcon_core.package_discovery[0m [1;30mLevel 1[0m discover_packages(prefix_path) check parameters
[2.497s] [34mcolcon.colcon_core.package_discovery[0m [1;30mLevel 1[0m discover_packages(prefix_path) discover
[2.517s] [34mcolcon.colcon_installed_package_information.package_discovery[0m [1;30mDEBUG[0m [32mFound 273 installed packages in /opt/ros/humble[0m
[2.524s] [34mcolcon.colcon_core.package_discovery[0m [1;30mLevel 1[0m discover_packages(prefix_path) using defaults
[2.820s] [34mcolcon.colcon_core.verb[0m [1;30mLevel 5[0m set package 'balloon_detector' build argument 'cmake_args' from command line to 'None'
[2.820s] [34mcolcon.colcon_core.verb[0m [1;30mLevel 5[0m set package 'balloon_detector' build argument 'cmake_target' from command line to 'None'
[2.820s] [34mcolcon.colcon_core.verb[0m [1;30mLevel 5[0m set package 'balloon_detector' build argument 'cmake_target_skip_unavailable' from command line to 'False'
[2.820s] [34mcolcon.colcon_core.verb[0m [1;30mLevel 5[0m set package 'balloon_detector' build argument 'cmake_clean_cache' from command line to 'False'
[2.821s] [34mcolcon.colcon_core.verb[0m [1;30mLevel 5[0m set package 'balloon_detector' build argument 'cmake_clean_first' from command line to 'False'
[2.821s] [34mcolcon.colcon_core.verb[0m [1;30mLevel 5[0m set package 'balloon_detector' build argument 'cmake_force_configure' from command line to 'False'
[2.821s] [34mcolcon.colcon_core.verb[0m [1;30mLevel 5[0m set package 'balloon_detector' build argument 'ament_cmake_args' from command line to 'None'
[2.821s] [34mcolcon.colcon_core.verb[0m [1;30mLevel 5[0m set package 'balloon_detector' build argument 'catkin_cmake_args' from command line to 'None'
[2.821s] [34mcolcon.colcon_core.verb[0m [1;30mLevel 5[0m set package 'balloon_detector' build argument 'catkin_skip_building_tests' from command line to 'False'
[2.821s] [34mcolcon.colcon_core.verb[0m [1;30mDEBUG[0m [32mBuilding package 'balloon_detector' with the following arguments: {'ament_cmake_args': None, 'build_base': '/home/fr/ros2_ws/balloon_ws/build/balloon_detector', 'catkin_cmake_args': None, 'catkin_skip_building_tests': False, 'cmake_args': None, 'cmake_clean_cache': False, 'cmake_clean_first': False, 'cmake_force_configure': False, 'cmake_target': None, 'cmake_target_skip_unavailable': False, 'install_base': '/home/fr/ros2_ws/balloon_ws/install/balloon_detector', 'merge_install': False, 'path': '/home/fr/ros2_ws/balloon_ws/src/balloon_detector', 'symlink_install': True, 'test_result_base': None}[0m
[2.822s] [34mcolcon.colcon_core.verb[0m [1;30mLevel 5[0m set package 'camera_node' build argument 'cmake_args' from command line to 'None'
[2.823s] [34mcolcon.colcon_core.verb[0m [1;30mLevel 5[0m set package 'camera_node' build argument 'cmake_target' from command line to 'None'
[2.823s] [34mcolcon.colcon_core.verb[0m [1;30mLevel 5[0m set package 'camera_node' build argument 'cmake_target_skip_unavailable' from command line to 'False'
[2.823s] [34mcolcon.colcon_core.verb[0m [1;30mLevel 5[0m set package 'camera_node' build argument 'cmake_clean_cache' from command line to 'False'
[2.823s] [34mcolcon.colcon_core.verb[0m [1;30mLevel 5[0m set package 'camera_node' build argument 'cmake_clean_first' from command line to 'False'
[2.823s] [34mcolcon.colcon_core.verb[0m [1;30mLevel 5[0m set package 'camera_node' build argument 'cmake_force_configure' from command line to 'False'
[2.823s] [34mcolcon.colcon_core.verb[0m [1;30mLevel 5[0m set package 'camera_node' build argument 'ament_cmake_args' from command line to 'None'
[2.823s] [34mcolcon.colcon_core.verb[0m [1;30mLevel 5[0m set package 'camera_node' build argument 'catkin_cmake_args' from command line to 'None'
[2.823s] [34mcolcon.colcon_core.verb[0m [1;30mLevel 5[0m set package 'camera_node' build argument 'catkin_skip_building_tests' from command line to 'False'
[2.824s] [34mcolcon.colcon_core.verb[0m [1;30mDEBUG[0m [32mBuilding package 'camera_node' with the following arguments: {'ament_cmake_args': None, 'build_base': '/home/fr/ros2_ws/balloon_ws/build/camera_node', 'catkin_cmake_args': None, 'catkin_skip_building_tests': False, 'cmake_args': None, 'cmake_clean_cache': False, 'cmake_clean_first': False, 'cmake_force_configure': False, 'cmake_target': None, 'cmake_target_skip_unavailable': False, 'install_base': '/home/fr/ros2_ws/balloon_ws/install/camera_node', 'merge_install': False, 'path': '/home/fr/ros2_ws/balloon_ws/src/camera_node', 'symlink_install': True, 'test_result_base': None}[0m
[2.825s] [34mcolcon.colcon_core.verb[0m [1;30mLevel 5[0m set package 'car_controller' build argument 'cmake_args' from command line to 'None'
[2.825s] [34mcolcon.colcon_core.verb[0m [1;30mLevel 5[0m set package 'car_controller' build argument 'cmake_target' from command line to 'None'
[2.825s] [34mcolcon.colcon_core.verb[0m [1;30mLevel 5[0m set package 'car_controller' build argument 'cmake_target_skip_unavailable' from command line to 'False'
[2.825s] [34mcolcon.colcon_core.verb[0m [1;30mLevel 5[0m set package 'car_controller' build argument 'cmake_clean_cache' from command line to 'False'
[2.825s] [34mcolcon.colcon_core.verb[0m [1;30mLevel 5[0m set package 'car_controller' build argument 'cmake_clean_first' from command line to 'False'
[2.825s] [34mcolcon.colcon_core.verb[0m [1;30mLevel 5[0m set package 'car_controller' build argument 'cmake_force_configure' from command line to 'False'
[2.825s] [34mcolcon.colcon_core.verb[0m [1;30mLevel 5[0m set package 'car_controller' build argument 'ament_cmake_args' from command line to 'None'
[2.825s] [34mcolcon.colcon_core.verb[0m [1;30mLevel 5[0m set package 'car_controller' build argument 'catkin_cmake_args' from command line to 'None'
[2.826s] [34mcolcon.colcon_core.verb[0m [1;30mLevel 5[0m set package 'car_controller' build argument 'catkin_skip_building_tests' from command line to 'False'
[2.826s] [34mcolcon.colcon_core.verb[0m [1;30mDEBUG[0m [32mBuilding package 'car_controller' with the following arguments: {'ament_cmake_args': None, 'build_base': '/home/fr/ros2_ws/balloon_ws/build/car_controller', 'catkin_cmake_args': None, 'catkin_skip_building_tests': False, 'cmake_args': None, 'cmake_clean_cache': False, 'cmake_clean_first': False, 'cmake_force_configure': False, 'cmake_target': None, 'cmake_target_skip_unavailable': False, 'install_base': '/home/fr/ros2_ws/balloon_ws/install/car_controller', 'merge_install': False, 'path': '/home/fr/ros2_ws/balloon_ws/src/car_controller', 'symlink_install': True, 'test_result_base': None}[0m
[2.827s] [34mcolcon.colcon_core.verb[0m [1;30mLevel 5[0m set package 'serial_bridge' build argument 'cmake_args' from command line to 'None'
[2.827s] [34mcolcon.colcon_core.verb[0m [1;30mLevel 5[0m set package 'serial_bridge' build argument 'cmake_target' from command line to 'None'
[2.827s] [34mcolcon.colcon_core.verb[0m [1;30mLevel 5[0m set package 'serial_bridge' build argument 'cmake_target_skip_unavailable' from command line to 'False'
[2.827s] [34mcolcon.colcon_core.verb[0m [1;30mLevel 5[0m set package 'serial_bridge' build argument 'cmake_clean_cache' from command line to 'False'
[2.827s] [34mcolcon.colcon_core.verb[0m [1;30mLevel 5[0m set package 'serial_bridge' build argument 'cmake_clean_first' from command line to 'False'
[2.827s] [34mcolcon.colcon_core.verb[0m [1;30mLevel 5[0m set package 'serial_bridge' build argument 'cmake_force_configure' from command line to 'False'
[2.828s] [34mcolcon.colcon_core.verb[0m [1;30mLevel 5[0m set package 'serial_bridge' build argument 'ament_cmake_args' from command line to 'None'
[2.828s] [34mcolcon.colcon_core.verb[0m [1;30mLevel 5[0m set package 'serial_bridge' build argument 'catkin_cmake_args' from command line to 'None'
[2.828s] [34mcolcon.colcon_core.verb[0m [1;30mLevel 5[0m set package 'serial_bridge' build argument 'catkin_skip_building_tests' from command line to 'False'
[2.828s] [34mcolcon.colcon_core.verb[0m [1;30mDEBUG[0m [32mBuilding package 'serial_bridge' with the following arguments: {'ament_cmake_args': None, 'build_base': '/home/fr/ros2_ws/balloon_ws/build/serial_bridge', 'catkin_cmake_args': None, 'catkin_skip_building_tests': False, 'cmake_args': None, 'cmake_clean_cache': False, 'cmake_clean_first': False, 'cmake_force_configure': False, 'cmake_target': None, 'cmake_target_skip_unavailable': False, 'install_base': '/home/fr/ros2_ws/balloon_ws/install/serial_bridge', 'merge_install': False, 'path': '/home/fr/ros2_ws/balloon_ws/src/serial_bridge', 'symlink_install': True, 'test_result_base': None}[0m
[2.828s] [34mcolcon.colcon_core.executor[0m [1;30mINFO[0m Executing jobs using 'parallel' executor
[2.832s] [34mcolcon.colcon_parallel_executor.executor.parallel[0m [1;30mDEBUG[0m [32mrun_until_complete[0m
[2.833s] [34mcolcon.colcon_ros.task.ament_python.build[0m [1;30mINFO[0m Building ROS package in '/home/fr/ros2_ws/balloon_ws/src/balloon_detector' with build type 'ament_python'
[2.834s] [34mcolcon.colcon_core.shell[0m [1;30mLevel 1[0m create_environment_hook('balloon_detector', 'ament_prefix_path')
[2.858s] [34mcolcon.colcon_core.plugin_system[0m [1;30mINFO[0m Skipping extension 'colcon_core.shell.bat': Not used on non-Windows systems
[2.858s] [34mcolcon.colcon_core.shell[0m [1;30mINFO[0m Creating environment hook '/home/fr/ros2_ws/balloon_ws/install/balloon_detector/share/balloon_detector/hook/ament_prefix_path.ps1'
[2.866s] [34mcolcon.colcon_core.shell[0m [1;30mINFO[0m Creating environment descriptor '/home/fr/ros2_ws/balloon_ws/install/balloon_detector/share/balloon_detector/hook/ament_prefix_path.dsv'
[2.870s] [34mcolcon.colcon_core.shell[0m [1;30mINFO[0m Creating environment hook '/home/fr/ros2_ws/balloon_ws/install/balloon_detector/share/balloon_detector/hook/ament_prefix_path.sh'
[2.875s] [34mcolcon.colcon_core.shell[0m [1;30mINFO[0m Skip shell extension 'powershell' for command environment: Not usable outside of PowerShell
[2.875s] [34mcolcon.colcon_core.shell[0m [1;30mDEBUG[0m [32mSkip shell extension 'dsv' for command environment[0m
[2.894s] [34mcolcon.colcon_ros.task.ament_python.build[0m [1;30mINFO[0m Building ROS package in '/home/fr/ros2_ws/balloon_ws/src/camera_node' with build type 'ament_python'
[2.895s] [34mcolcon.colcon_core.shell[0m [1;30mLevel 1[0m create_environment_hook('camera_node', 'ament_prefix_path')
[2.896s] [34mcolcon.colcon_core.shell[0m [1;30mINFO[0m Creating environment hook '/home/fr/ros2_ws/balloon_ws/install/camera_node/share/camera_node/hook/ament_prefix_path.ps1'
[2.901s] [34mcolcon.colcon_core.shell[0m [1;30mINFO[0m Creating environment descriptor '/home/fr/ros2_ws/balloon_ws/install/camera_node/share/camera_node/hook/ament_prefix_path.dsv'
[2.903s] [34mcolcon.colcon_core.shell[0m [1;30mINFO[0m Creating environment hook '/home/fr/ros2_ws/balloon_ws/install/camera_node/share/camera_node/hook/ament_prefix_path.sh'
[2.907s] [34mcolcon.colcon_core.shell[0m [1;30mINFO[0m Skip shell extension 'powershell' for command environment: Not usable outside of PowerShell
[2.907s] [34mcolcon.colcon_core.shell[0m [1;30mDEBUG[0m [32mSkip shell extension 'dsv' for command environment[0m
[2.926s] [34mcolcon.colcon_ros.task.ament_python.build[0m [1;30mINFO[0m Building ROS package in '/home/fr/ros2_ws/balloon_ws/src/car_controller' with build type 'ament_python'
[2.928s] [34mcolcon.colcon_core.shell[0m [1;30mLevel 1[0m create_environment_hook('car_controller', 'ament_prefix_path')
[2.929s] [34mcolcon.colcon_core.shell[0m [1;30mINFO[0m Creating environment hook '/home/fr/ros2_ws/balloon_ws/install/car_controller/share/car_controller/hook/ament_prefix_path.ps1'
[2.936s] [34mcolcon.colcon_core.shell[0m [1;30mINFO[0m Creating environment descriptor '/home/fr/ros2_ws/balloon_ws/install/car_controller/share/car_controller/hook/ament_prefix_path.dsv'
[2.938s] [34mcolcon.colcon_core.shell[0m [1;30mINFO[0m Creating environment hook '/home/fr/ros2_ws/balloon_ws/install/car_controller/share/car_controller/hook/ament_prefix_path.sh'
[2.942s] [34mcolcon.colcon_core.shell[0m [1;30mINFO[0m Skip shell extension 'powershell' for command environment: Not usable outside of PowerShell
[2.942s] [34mcolcon.colcon_core.shell[0m [1;30mDEBUG[0m [32mSkip shell extension 'dsv' for command environment[0m
[2.960s] [34mcolcon.colcon_ros.task.ament_python.build[0m [1;30mINFO[0m Building ROS package in '/home/fr/ros2_ws/balloon_ws/src/serial_bridge' with build type 'ament_python'
[2.961s] [34mcolcon.colcon_core.shell[0m [1;30mLevel 1[0m create_environment_hook('serial_bridge', 'ament_prefix_path')
[2.962s] [34mcolcon.colcon_core.shell[0m [1;30mINFO[0m Creating environment hook '/home/fr/ros2_ws/balloon_ws/install/serial_bridge/share/serial_bridge/hook/ament_prefix_path.ps1'
[2.968s] [34mcolcon.colcon_core.shell[0m [1;30mINFO[0m Creating environment descriptor '/home/fr/ros2_ws/balloon_ws/install/serial_bridge/share/serial_bridge/hook/ament_prefix_path.dsv'
[2.971s] [34mcolcon.colcon_core.shell[0m [1;30mINFO[0m Creating environment hook '/home/fr/ros2_ws/balloon_ws/install/serial_bridge/share/serial_bridge/hook/ament_prefix_path.sh'
[2.974s] [34mcolcon.colcon_core.shell[0m [1;30mINFO[0m Skip shell extension 'powershell' for command environment: Not usable outside of PowerShell
[2.974s] [34mcolcon.colcon_core.shell[0m [1;30mDEBUG[0m [32mSkip shell extension 'dsv' for command environment[0m
[4.322s] [34mcolcon.colcon_core.task.python.build[0m [1;30mINFO[0m Building Python package in '/home/fr/ros2_ws/balloon_ws/src/balloon_detector'
[4.323s] [34mcolcon.colcon_core.shell[0m [1;30mINFO[0m Skip shell extension 'powershell' for command environment: Not usable outside of PowerShell
[4.323s] [34mcolcon.colcon_core.shell[0m [1;30mDEBUG[0m [32mSkip shell extension 'dsv' for command environment[0m
[5.649s] [34mcolcon.colcon_core.task.python.build[0m [1;30mINFO[0m Building Python package in '/home/fr/ros2_ws/balloon_ws/src/camera_node'
[5.650s] [34mcolcon.colcon_core.shell[0m [1;30mINFO[0m Skip shell extension 'powershell' for command environment: Not usable outside of PowerShell
[5.650s] [34mcolcon.colcon_core.shell[0m [1;30mDEBUG[0m [32mSkip shell extension 'dsv' for command environment[0m
[6.971s] [34mcolcon.colcon_core.task.python.build[0m [1;30mINFO[0m Building Python package in '/home/fr/ros2_ws/balloon_ws/src/car_controller'
[6.972s] [34mcolcon.colcon_core.shell[0m [1;30mINFO[0m Skip shell extension 'powershell' for command environment: Not usable outside of PowerShell
[6.972s] [34mcolcon.colcon_core.shell[0m [1;30mDEBUG[0m [32mSkip shell extension 'dsv' for command environment[0m
[8.311s] [34mcolcon.colcon_core.task.python.build[0m [1;30mINFO[0m Building Python package in '/home/fr/ros2_ws/balloon_ws/src/serial_bridge'
[8.313s] [34mcolcon.colcon_core.shell[0m [1;30mINFO[0m Skip shell extension 'powershell' for command environment: Not usable outside of PowerShell
[8.313s] [34mcolcon.colcon_core.shell[0m [1;30mDEBUG[0m [32mSkip shell extension 'dsv' for command environment[0m
[11.196s] [34mcolcon.colcon_core.event_handler.log_command[0m [1;30mDEBUG[0m [32mInvoking command in '/home/fr/ros2_ws/balloon_ws/build/balloon_detector': PYTHONPATH=/home/fr/ros2_ws/balloon_ws/build/balloon_detector/prefix_override:/usr/lib/python3/dist-packages/colcon_core/task/python/colcon_distutils_commands:/home/fr/ros2_ws/balloon_ws/install/balloon_detector/lib/python3.10/site-packages:${PYTHONPATH} /usr/bin/python3 -W ignore:setup.py install is deprecated -W ignore:easy_install command is deprecated setup.py develop --editable --build-directory /home/fr/ros2_ws/balloon_ws/build/balloon_detector/build --no-deps symlink_data[0m
[11.251s] [34mcolcon.colcon_core.event_handler.log_command[0m [1;30mDEBUG[0m [32mInvoking command in '/home/fr/ros2_ws/balloon_ws/build/serial_bridge': PYTHONPATH=/home/fr/ros2_ws/balloon_ws/build/serial_bridge/prefix_override:/usr/lib/python3/dist-packages/colcon_core/task/python/colcon_distutils_commands:/home/fr/ros2_ws/balloon_ws/install/serial_bridge/lib/python3.10/site-packages:${PYTHONPATH} /usr/bin/python3 -W ignore:setup.py install is deprecated -W ignore:easy_install command is deprecated setup.py develop --editable --build-directory /home/fr/ros2_ws/balloon_ws/build/serial_bridge/build --no-deps symlink_data[0m
[11.274s] [34mcolcon.colcon_core.event_handler.log_command[0m [1;30mDEBUG[0m [32mInvoking command in '/home/fr/ros2_ws/balloon_ws/build/camera_node': PYTHONPATH=/home/fr/ros2_ws/balloon_ws/build/camera_node/prefix_override:/usr/lib/python3/dist-packages/colcon_core/task/python/colcon_distutils_commands:/home/fr/ros2_ws/balloon_ws/install/camera_node/lib/python3.10/site-packages:${PYTHONPATH} /usr/bin/python3 -W ignore:setup.py install is deprecated -W ignore:easy_install command is deprecated setup.py develop --editable --build-directory /home/fr/ros2_ws/balloon_ws/build/camera_node/build --no-deps symlink_data[0m
[11.312s] [34mcolcon.colcon_core.event_handler.log_command[0m [1;30mDEBUG[0m [32mInvoking command in '/home/fr/ros2_ws/balloon_ws/build/car_controller': PYTHONPATH=/home/fr/ros2_ws/balloon_ws/build/car_controller/prefix_override:/usr/lib/python3/dist-packages/colcon_core/task/python/colcon_distutils_commands:/home/fr/ros2_ws/balloon_ws/install/car_controller/lib/python3.10/site-packages:${PYTHONPATH} /usr/bin/python3 -W ignore:setup.py install is deprecated -W ignore:easy_install command is deprecated setup.py develop --editable --build-directory /home/fr/ros2_ws/balloon_ws/build/car_controller/build --no-deps symlink_data[0m
[15.435s] [34mcolcon.colcon_core.shell[0m [1;30mLevel 1[0m create_environment_hook('car_controller', 'pythonpath_develop')
[15.440s] [34mcolcon.colcon_core.event_handler.log_command[0m [1;30mDEBUG[0m [32mInvoked command in '/home/fr/ros2_ws/balloon_ws/build/car_controller' returned '0': PYTHONPATH=/home/fr/ros2_ws/balloon_ws/build/car_controller/prefix_override:/usr/lib/python3/dist-packages/colcon_core/task/python/colcon_distutils_commands:/home/fr/ros2_ws/balloon_ws/install/car_controller/lib/python3.10/site-packages:${PYTHONPATH} /usr/bin/python3 -W ignore:setup.py install is deprecated -W ignore:easy_install command is deprecated setup.py develop --editable --build-directory /home/fr/ros2_ws/balloon_ws/build/car_controller/build --no-deps symlink_data[0m
[15.444s] [34mcolcon.colcon_core.shell[0m [1;30mINFO[0m Creating environment hook '/home/fr/ros2_ws/balloon_ws/build/car_controller/share/car_controller/hook/pythonpath_develop.ps1'
[15.459s] [34mcolcon.colcon_core.shell[0m [1;30mINFO[0m Creating environment descriptor '/home/fr/ros2_ws/balloon_ws/build/car_controller/share/car_controller/hook/pythonpath_develop.dsv'
[15.471s] [34mcolcon.colcon_core.shell[0m [1;30mINFO[0m Creating environment hook '/home/fr/ros2_ws/balloon_ws/build/car_controller/share/car_controller/hook/pythonpath_develop.sh'
[15.571s] [34mcolcon.colcon_core.environment[0m [1;30mLevel 1[0m checking '/home/fr/ros2_ws/balloon_ws/install/car_controller' for CMake module files
[15.580s] [34mcolcon.colcon_core.environment[0m [1;30mLevel 1[0m checking '/home/fr/ros2_ws/balloon_ws/install/car_controller' for CMake config files
[15.592s] [34mcolcon.colcon_core.environment[0m [1;30mLevel 1[0m checking '/home/fr/ros2_ws/balloon_ws/install/car_controller/lib'
[15.594s] [34mcolcon.colcon_core.environment[0m [1;30mLevel 1[0m checking '/home/fr/ros2_ws/balloon_ws/install/car_controller/bin'
[15.596s] [34mcolcon.colcon_core.environment[0m [1;30mLevel 1[0m checking '/home/fr/ros2_ws/balloon_ws/install/car_controller/lib/pkgconfig/car_controller.pc'
[15.598s] [34mcolcon.colcon_core.environment[0m [1;30mLevel 1[0m checking '/home/fr/ros2_ws/balloon_ws/install/car_controller/lib/python3.10/site-packages'
[15.599s] [34mcolcon.colcon_core.shell[0m [1;30mLevel 1[0m create_environment_hook('car_controller', 'pythonpath')
[15.600s] [34mcolcon.colcon_core.shell[0m [1;30mINFO[0m Creating environment hook '/home/fr/ros2_ws/balloon_ws/install/car_controller/share/car_controller/hook/pythonpath.ps1'
[15.605s] [34mcolcon.colcon_core.shell[0m [1;30mINFO[0m Creating environment descriptor '/home/fr/ros2_ws/balloon_ws/install/car_controller/share/car_controller/hook/pythonpath.dsv'
[15.609s] [34mcolcon.colcon_core.shell[0m [1;30mINFO[0m Creating environment hook '/home/fr/ros2_ws/balloon_ws/install/car_controller/share/car_controller/hook/pythonpath.sh'
[15.616s] [34mcolcon.colcon_core.environment[0m [1;30mLevel 1[0m checking '/home/fr/ros2_ws/balloon_ws/install/car_controller/bin'
[15.617s] [34mcolcon.colcon_core.environment[0m [1;30mLevel 1[0m create_environment_scripts_only(car_controller)
[15.620s] [34mcolcon.colcon_core.shell[0m [1;30mINFO[0m Creating package script '/home/fr/ros2_ws/balloon_ws/install/car_controller/share/car_controller/package.ps1'
[15.632s] [34mcolcon.colcon_core.shell[0m [1;30mINFO[0m Creating package descriptor '/home/fr/ros2_ws/balloon_ws/install/car_controller/share/car_controller/package.dsv'
[15.639s] [34mcolcon.colcon_core.shell[0m [1;30mINFO[0m Creating package script '/home/fr/ros2_ws/balloon_ws/install/car_controller/share/car_controller/package.sh'
[15.646s] [34mcolcon.colcon_core.shell[0m [1;30mINFO[0m Creating package script '/home/fr/ros2_ws/balloon_ws/install/car_controller/share/car_controller/package.bash'
[15.653s] [34mcolcon.colcon_core.shell[0m [1;30mINFO[0m Creating package script '/home/fr/ros2_ws/balloon_ws/install/car_controller/share/car_controller/package.zsh'
[15.661s] [34mcolcon.colcon_core.environment[0m [1;30mLevel 1[0m create_file_with_runtime_dependencies(/home/fr/ros2_ws/balloon_ws/install/car_controller/share/colcon-core/packages/car_controller)
[15.668s] [34mcolcon.colcon_core.shell[0m [1;30mLevel 1[0m create_environment_hook('camera_node', 'pythonpath_develop')
[15.670s] [34mcolcon.colcon_core.shell[0m [1;30mINFO[0m Creating environment hook '/home/fr/ros2_ws/balloon_ws/build/camera_node/share/camera_node/hook/pythonpath_develop.ps1'
[15.674s] [34mcolcon.colcon_core.event_handler.log_command[0m [1;30mDEBUG[0m [32mInvoked command in '/home/fr/ros2_ws/balloon_ws/build/camera_node' returned '0': PYTHONPATH=/home/fr/ros2_ws/balloon_ws/build/camera_node/prefix_override:/usr/lib/python3/dist-packages/colcon_core/task/python/colcon_distutils_commands:/home/fr/ros2_ws/balloon_ws/install/camera_node/lib/python3.10/site-packages:${PYTHONPATH} /usr/bin/python3 -W ignore:setup.py install is deprecated -W ignore:easy_install command is deprecated setup.py develop --editable --build-directory /home/fr/ros2_ws/balloon_ws/build/camera_node/build --no-deps symlink_data[0m
[15.675s] [34mcolcon.colcon_core.shell[0m [1;30mINFO[0m Creating environment descriptor '/home/fr/ros2_ws/balloon_ws/build/camera_node/share/camera_node/hook/pythonpath_develop.dsv'
[15.677s] [34mcolcon.colcon_core.shell[0m [1;30mINFO[0m Creating environment hook '/home/fr/ros2_ws/balloon_ws/build/camera_node/share/camera_node/hook/pythonpath_develop.sh'
[15.681s] [34mcolcon.colcon_core.environment[0m [1;30mLevel 1[0m checking '/home/fr/ros2_ws/balloon_ws/install/camera_node' for CMake module files
[15.684s] [34mcolcon.colcon_core.environment[0m [1;30mLevel 1[0m checking '/home/fr/ros2_ws/balloon_ws/install/camera_node' for CMake config files
[15.688s] [34mcolcon.colcon_core.environment[0m [1;30mLevel 1[0m checking '/home/fr/ros2_ws/balloon_ws/install/camera_node/lib'
[15.689s] [34mcolcon.colcon_core.environment[0m [1;30mLevel 1[0m checking '/home/fr/ros2_ws/balloon_ws/install/camera_node/bin'
[15.689s] [34mcolcon.colcon_core.environment[0m [1;30mLevel 1[0m checking '/home/fr/ros2_ws/balloon_ws/install/camera_node/lib/pkgconfig/camera_node.pc'
[15.690s] [34mcolcon.colcon_core.environment[0m [1;30mLevel 1[0m checking '/home/fr/ros2_ws/balloon_ws/install/camera_node/lib/python3.10/site-packages'
[15.690s] [34mcolcon.colcon_core.shell[0m [1;30mLevel 1[0m create_environment_hook('camera_node', 'pythonpath')
[15.691s] [34mcolcon.colcon_core.shell[0m [1;30mINFO[0m Creating environment hook '/home/fr/ros2_ws/balloon_ws/install/camera_node/share/camera_node/hook/pythonpath.ps1'
[15.694s] [34mcolcon.colcon_core.shell[0m [1;30mINFO[0m Creating environment descriptor '/home/fr/ros2_ws/balloon_ws/install/camera_node/share/camera_node/hook/pythonpath.dsv'
[15.697s] [34mcolcon.colcon_core.shell[0m [1;30mINFO[0m Creating environment hook '/home/fr/ros2_ws/balloon_ws/install/camera_node/share/camera_node/hook/pythonpath.sh'
[15.702s] [34mcolcon.colcon_core.environment[0m [1;30mLevel 1[0m checking '/home/fr/ros2_ws/balloon_ws/install/camera_node/bin'
[15.702s] [34mcolcon.colcon_core.environment[0m [1;30mLevel 1[0m create_environment_scripts_only(camera_node)
[15.704s] [34mcolcon.colcon_core.shell[0m [1;30mINFO[0m Creating package script '/home/fr/ros2_ws/balloon_ws/install/camera_node/share/camera_node/package.ps1'
[15.707s] [34mcolcon.colcon_core.shell[0m [1;30mINFO[0m Creating package descriptor '/home/fr/ros2_ws/balloon_ws/install/camera_node/share/camera_node/package.dsv'
[15.710s] [34mcolcon.colcon_core.shell[0m [1;30mINFO[0m Creating package script '/home/fr/ros2_ws/balloon_ws/install/camera_node/share/camera_node/package.sh'
[15.713s] [34mcolcon.colcon_core.shell[0m [1;30mINFO[0m Creating package script '/home/fr/ros2_ws/balloon_ws/install/camera_node/share/camera_node/package.bash'
[15.715s] [34mcolcon.colcon_core.shell[0m [1;30mINFO[0m Creating package script '/home/fr/ros2_ws/balloon_ws/install/camera_node/share/camera_node/package.zsh'
[15.717s] [34mcolcon.colcon_core.environment[0m [1;30mLevel 1[0m create_file_with_runtime_dependencies(/home/fr/ros2_ws/balloon_ws/install/camera_node/share/colcon-core/packages/camera_node)
[15.719s] [34mcolcon.colcon_core.shell[0m [1;30mLevel 1[0m create_environment_hook('serial_bridge', 'pythonpath_develop')
[15.720s] [34mcolcon.colcon_core.shell[0m [1;30mINFO[0m Creating environment hook '/home/fr/ros2_ws/balloon_ws/build/serial_bridge/share/serial_bridge/hook/pythonpath_develop.ps1'
[15.724s] [34mcolcon.colcon_core.event_handler.log_command[0m [1;30mDEBUG[0m [32mInvoked command in '/home/fr/ros2_ws/balloon_ws/build/serial_bridge' returned '0': PYTHONPATH=/home/fr/ros2_ws/balloon_ws/build/serial_bridge/prefix_override:/usr/lib/python3/dist-packages/colcon_core/task/python/colcon_distutils_commands:/home/fr/ros2_ws/balloon_ws/install/serial_bridge/lib/python3.10/site-packages:${PYTHONPATH} /usr/bin/python3 -W ignore:setup.py install is deprecated -W ignore:easy_install command is deprecated setup.py develop --editable --build-directory /home/fr/ros2_ws/balloon_ws/build/serial_bridge/build --no-deps symlink_data[0m
[15.726s] [34mcolcon.colcon_core.shell[0m [1;30mINFO[0m Creating environment descriptor '/home/fr/ros2_ws/balloon_ws/build/serial_bridge/share/serial_bridge/hook/pythonpath_develop.dsv'
[15.729s] [34mcolcon.colcon_core.shell[0m [1;30mINFO[0m Creating environment hook '/home/fr/ros2_ws/balloon_ws/build/serial_bridge/share/serial_bridge/hook/pythonpath_develop.sh'
[15.733s] [34mcolcon.colcon_core.environment[0m [1;30mLevel 1[0m checking '/home/fr/ros2_ws/balloon_ws/install/serial_bridge' for CMake module files
[15.736s] [34mcolcon.colcon_core.environment[0m [1;30mLevel 1[0m checking '/home/fr/ros2_ws/balloon_ws/install/serial_bridge' for CMake config files
[15.741s] [34mcolcon.colcon_core.environment[0m [1;30mLevel 1[0m checking '/home/fr/ros2_ws/balloon_ws/install/serial_bridge/lib'
[15.741s] [34mcolcon.colcon_core.environment[0m [1;30mLevel 1[0m checking '/home/fr/ros2_ws/balloon_ws/install/serial_bridge/bin'
[15.742s] [34mcolcon.colcon_core.environment[0m [1;30mLevel 1[0m checking '/home/fr/ros2_ws/balloon_ws/install/serial_bridge/lib/pkgconfig/serial_bridge.pc'
[15.743s] [34mcolcon.colcon_core.environment[0m [1;30mLevel 1[0m checking '/home/fr/ros2_ws/balloon_ws/install/serial_bridge/lib/python3.10/site-packages'
[15.744s] [34mcolcon.colcon_core.shell[0m [1;30mLevel 1[0m create_environment_hook('serial_bridge', 'pythonpath')
[15.745s] [34mcolcon.colcon_core.shell[0m [1;30mINFO[0m Creating environment hook '/home/fr/ros2_ws/balloon_ws/install/serial_bridge/share/serial_bridge/hook/pythonpath.ps1'
[15.747s] [34mcolcon.colcon_core.shell[0m [1;30mINFO[0m Creating environment descriptor '/home/fr/ros2_ws/balloon_ws/install/serial_bridge/share/serial_bridge/hook/pythonpath.dsv'
[15.749s] [34mcolcon.colcon_core.shell[0m [1;30mINFO[0m Creating environment hook '/home/fr/ros2_ws/balloon_ws/install/serial_bridge/share/serial_bridge/hook/pythonpath.sh'
[15.752s] [34mcolcon.colcon_core.environment[0m [1;30mLevel 1[0m checking '/home/fr/ros2_ws/balloon_ws/install/serial_bridge/bin'
[15.753s] [34mcolcon.colcon_core.environment[0m [1;30mLevel 1[0m create_environment_scripts_only(serial_bridge)
[15.754s] [34mcolcon.colcon_core.shell[0m [1;30mINFO[0m Creating package script '/home/fr/ros2_ws/balloon_ws/install/serial_bridge/share/serial_bridge/package.ps1'
[15.758s] [34mcolcon.colcon_core.shell[0m [1;30mINFO[0m Creating package descriptor '/home/fr/ros2_ws/balloon_ws/install/serial_bridge/share/serial_bridge/package.dsv'
[15.760s] [34mcolcon.colcon_core.shell[0m [1;30mINFO[0m Creating package script '/home/fr/ros2_ws/balloon_ws/install/serial_bridge/share/serial_bridge/package.sh'
[15.763s] [34mcolcon.colcon_core.shell[0m [1;30mINFO[0m Creating package script '/home/fr/ros2_ws/balloon_ws/install/serial_bridge/share/serial_bridge/package.bash'
[15.765s] [34mcolcon.colcon_core.shell[0m [1;30mINFO[0m Creating package script '/home/fr/ros2_ws/balloon_ws/install/serial_bridge/share/serial_bridge/package.zsh'
[15.767s] [34mcolcon.colcon_core.environment[0m [1;30mLevel 1[0m create_file_with_runtime_dependencies(/home/fr/ros2_ws/balloon_ws/install/serial_bridge/share/colcon-core/packages/serial_bridge)
[15.770s] [34mcolcon.colcon_core.shell[0m [1;30mLevel 1[0m create_environment_hook('balloon_detector', 'pythonpath_develop')
[15.772s] [34mcolcon.colcon_core.shell[0m [1;30mINFO[0m Creating environment hook '/home/fr/ros2_ws/balloon_ws/build/balloon_detector/share/balloon_detector/hook/pythonpath_develop.ps1'
[15.775s] [34mcolcon.colcon_core.event_handler.log_command[0m [1;30mDEBUG[0m [32mInvoked command in '/home/fr/ros2_ws/balloon_ws/build/balloon_detector' returned '0': PYTHONPATH=/home/fr/ros2_ws/balloon_ws/build/balloon_detector/prefix_override:/usr/lib/python3/dist-packages/colcon_core/task/python/colcon_distutils_commands:/home/fr/ros2_ws/balloon_ws/install/balloon_detector/lib/python3.10/site-packages:${PYTHONPATH} /usr/bin/python3 -W ignore:setup.py install is deprecated -W ignore:easy_install command is deprecated setup.py develop --editable --build-directory /home/fr/ros2_ws/balloon_ws/build/balloon_detector/build --no-deps symlink_data[0m
[15.776s] [34mcolcon.colcon_core.shell[0m [1;30mINFO[0m Creating environment descriptor '/home/fr/ros2_ws/balloon_ws/build/balloon_detector/share/balloon_detector/hook/pythonpath_develop.dsv'
[15.778s] [34mcolcon.colcon_core.shell[0m [1;30mINFO[0m Creating environment hook '/home/fr/ros2_ws/balloon_ws/build/balloon_detector/share/balloon_detector/hook/pythonpath_develop.sh'
[15.781s] [34mcolcon.colcon_core.environment[0m [1;30mLevel 1[0m checking '/home/fr/ros2_ws/balloon_ws/install/balloon_detector' for CMake module files
[15.785s] [34mcolcon.colcon_core.environment[0m [1;30mLevel 1[0m checking '/home/fr/ros2_ws/balloon_ws/install/balloon_detector' for CMake config files
[15.790s] [34mcolcon.colcon_core.environment[0m [1;30mLevel 1[0m checking '/home/fr/ros2_ws/balloon_ws/install/balloon_detector/lib'
[15.791s] [34mcolcon.colcon_core.environment[0m [1;30mLevel 1[0m checking '/home/fr/ros2_ws/balloon_ws/install/balloon_detector/bin'
[15.791s] [34mcolcon.colcon_core.environment[0m [1;30mLevel 1[0m checking '/home/fr/ros2_ws/balloon_ws/install/balloon_detector/lib/pkgconfig/balloon_detector.pc'
[15.792s] [34mcolcon.colcon_core.environment[0m [1;30mLevel 1[0m checking '/home/fr/ros2_ws/balloon_ws/install/balloon_detector/lib/python3.10/site-packages'
[15.793s] [34mcolcon.colcon_core.shell[0m [1;30mLevel 1[0m create_environment_hook('balloon_detector', 'pythonpath')
[15.794s] [34mcolcon.colcon_core.shell[0m [1;30mINFO[0m Creating environment hook '/home/fr/ros2_ws/balloon_ws/install/balloon_detector/share/balloon_detector/hook/pythonpath.ps1'
[15.797s] [34mcolcon.colcon_core.shell[0m [1;30mINFO[0m Creating environment descriptor '/home/fr/ros2_ws/balloon_ws/install/balloon_detector/share/balloon_detector/hook/pythonpath.dsv'
[15.800s] [34mcolcon.colcon_core.shell[0m [1;30mINFO[0m Creating environment hook '/home/fr/ros2_ws/balloon_ws/install/balloon_detector/share/balloon_detector/hook/pythonpath.sh'
[15.805s] [34mcolcon.colcon_core.environment[0m [1;30mLevel 1[0m checking '/home/fr/ros2_ws/balloon_ws/install/balloon_detector/bin'
[15.805s] [34mcolcon.colcon_core.environment[0m [1;30mLevel 1[0m create_environment_scripts_only(balloon_detector)
[15.807s] [34mcolcon.colcon_core.shell[0m [1;30mINFO[0m Creating package script '/home/fr/ros2_ws/balloon_ws/install/balloon_detector/share/balloon_detector/package.ps1'
[15.810s] [34mcolcon.colcon_core.shell[0m [1;30mINFO[0m Creating package descriptor '/home/fr/ros2_ws/balloon_ws/install/balloon_detector/share/balloon_detector/package.dsv'
[15.813s] [34mcolcon.colcon_core.shell[0m [1;30mINFO[0m Creating package script '/home/fr/ros2_ws/balloon_ws/install/balloon_detector/share/balloon_detector/package.sh'
[15.816s] [34mcolcon.colcon_core.shell[0m [1;30mINFO[0m Creating package script '/home/fr/ros2_ws/balloon_ws/install/balloon_detector/share/balloon_detector/package.bash'
[15.818s] [34mcolcon.colcon_core.shell[0m [1;30mINFO[0m Creating package script '/home/fr/ros2_ws/balloon_ws/install/balloon_detector/share/balloon_detector/package.zsh'
[15.819s] [34mcolcon.colcon_core.environment[0m [1;30mLevel 1[0m create_file_with_runtime_dependencies(/home/fr/ros2_ws/balloon_ws/install/balloon_detector/share/colcon-core/packages/balloon_detector)
[15.821s] [34mcolcon.colcon_parallel_executor.executor.parallel[0m [1;30mDEBUG[0m [32mclosing loop[0m
[15.822s] [34mcolcon.colcon_parallel_executor.executor.parallel[0m [1;30mDEBUG[0m [32mloop closed[0m
[15.823s] [34mcolcon.colcon_parallel_executor.executor.parallel[0m [1;30mDEBUG[0m [32mrun_until_complete finished with '0'[0m
[15.823s] [34mcolcon.colcon_core.event_reactor[0m [1;30mDEBUG[0m [32mjoining thread[0m
[15.868s] [34mcolcon.colcon_core.plugin_system[0m [1;30mINFO[0m Skipping extension 'colcon_notification.desktop_notification.terminal_notifier': Not used on non-Darwin systems
[15.868s] [34mcolcon.colcon_core.plugin_system[0m [1;30mINFO[0m Skipping extension 'colcon_notification.desktop_notification.win32': Not used on non-Windows systems
[15.868s] [34mcolcon.colcon_notification.desktop_notification[0m [1;30mINFO[0m Sending desktop notification using 'notify2'
[16.039s] [34mcolcon.colcon_core.event_reactor[0m [1;30mDEBUG[0m [32mjoined thread[0m
[16.040s] [34mcolcon.colcon_core.shell[0m [1;30mINFO[0m Creating prefix script '/home/fr/ros2_ws/balloon_ws/install/local_setup.ps1'
[16.049s] [34mcolcon.colcon_core.shell[0m [1;30mINFO[0m Creating prefix util module '/home/fr/ros2_ws/balloon_ws/install/_local_setup_util_ps1.py'
[16.059s] [34mcolcon.colcon_core.shell[0m [1;30mINFO[0m Creating prefix chain script '/home/fr/ros2_ws/balloon_ws/install/setup.ps1'
[16.067s] [34mcolcon.colcon_core.shell[0m [1;30mINFO[0m Creating prefix script '/home/fr/ros2_ws/balloon_ws/install/local_setup.sh'
[16.071s] [34mcolcon.colcon_core.shell[0m [1;30mINFO[0m Creating prefix util module '/home/fr/ros2_ws/balloon_ws/install/_local_setup_util_sh.py'
[16.075s] [34mcolcon.colcon_core.shell[0m [1;30mINFO[0m Creating prefix chain script '/home/fr/ros2_ws/balloon_ws/install/setup.sh'
[16.081s] [34mcolcon.colcon_core.shell[0m [1;30mINFO[0m Creating prefix script '/home/fr/ros2_ws/balloon_ws/install/local_setup.bash'
[16.089s] [34mcolcon.colcon_core.shell[0m [1;30mINFO[0m Creating prefix chain script '/home/fr/ros2_ws/balloon_ws/install/setup.bash'
[16.101s] [34mcolcon.colcon_core.shell[0m [1;30mINFO[0m Creating prefix script '/home/fr/ros2_ws/balloon_ws/install/local_setup.zsh'
[16.108s] [34mcolcon.colcon_core.shell[0m [1;30mINFO[0m Creating prefix chain script '/home/fr/ros2_ws/balloon_ws/install/setup.zsh'
