[11.236s] Invoking command in '/home/fr/ros2_ws/balloon_ws/build/serial_bridge': PYTHONPATH=/home/fr/ros2_ws/balloon_ws/build/serial_bridge/prefix_override:/usr/lib/python3/dist-packages/colcon_core/task/python/colcon_distutils_commands:/home/fr/ros2_ws/balloon_ws/install/serial_bridge/lib/python3.10/site-packages:${PYTHONPATH} /usr/bin/python3 -W ignore:setup.py install is deprecated -W ignore:easy_install command is deprecated setup.py develop --editable --build-directory /home/fr/ros2_ws/balloon_ws/build/serial_bridge/build --no-deps symlink_data
[13.632s] running develop
[15.611s] running egg_info
[15.612s] creating serial_bridge.egg-info
[15.614s] writing serial_bridge.egg-info/PKG-INFO
[15.617s] writing dependency_links to serial_bridge.egg-info/dependency_links.txt
[15.618s] writing entry points to serial_bridge.egg-info/entry_points.txt
[15.620s] writing requirements to serial_bridge.egg-info/requires.txt
[15.623s] writing top-level names to serial_bridge.egg-info/top_level.txt
[15.627s] writing manifest file 'serial_bridge.egg-info/SOURCES.txt'
[15.639s] reading manifest file 'serial_bridge.egg-info/SOURCES.txt'
[15.645s] writing manifest file 'serial_bridge.egg-info/SOURCES.txt'
[15.658s] running build_ext
[15.660s] Creating /home/fr/ros2_ws/balloon_ws/install/serial_bridge/lib/python3.10/site-packages/serial-bridge.egg-link (link to .)
[15.670s] Installing serial_bridge_node script to /home/fr/ros2_ws/balloon_ws/install/serial_bridge/lib/serial_bridge
[15.673s] 
[15.676s] Installed /home/fr/ros2_ws/balloon_ws/build/serial_bridge
[15.679s] running symlink_data
[15.682s] creating /home/fr/ros2_ws/balloon_ws/install/serial_bridge/share/ament_index
[15.704s] creating /home/fr/ros2_ws/balloon_ws/install/serial_bridge/share/ament_index/resource_index
[15.707s] creating /home/fr/ros2_ws/balloon_ws/install/serial_bridge/share/ament_index/resource_index/packages
[15.710s] symbolically linking /home/fr/ros2_ws/balloon_ws/build/serial_bridge/resource/serial_bridge -> /home/fr/ros2_ws/balloon_ws/install/serial_bridge/share/ament_index/resource_index/packages
[15.712s] symbolically linking /home/fr/ros2_ws/balloon_ws/build/serial_bridge/package.xml -> /home/fr/ros2_ws/balloon_ws/install/serial_bridge/share/serial_bridge
[16.261s] Invoked command in '/home/fr/ros2_ws/balloon_ws/build/serial_bridge' returned '0': PYTHONPATH=/home/fr/ros2_ws/balloon_ws/build/serial_bridge/prefix_override:/usr/lib/python3/dist-packages/colcon_core/task/python/colcon_distutils_commands:/home/fr/ros2_ws/balloon_ws/install/serial_bridge/lib/python3.10/site-packages:${PYTHONPATH} /usr/bin/python3 -W ignore:setup.py install is deprecated -W ignore:easy_install command is deprecated setup.py develop --editable --build-directory /home/fr/ros2_ws/balloon_ws/build/serial_bridge/build --no-deps symlink_data
