[1.676s] DEBUG:colcon:Command line arguments: ['/usr/bin/colcon', 'build', '--packages-select', 'dht11_pkg']
[1.677s] DEBUG:colcon:Parsed command line arguments: Namespace(log_base=None, log_level=None, verb_name='build', build_base='build', install_base='install', merge_install=False, symlink_install=False, test_result_base=None, continue_on_error=False, executor='parallel', parallel_workers=4, event_handlers=None, ignore_user_meta=False, metas=['./colcon.meta'], base_paths=['.'], packages_ignore=None, packages_ignore_regex=None, paths=None, packages_up_to=None, packages_up_to_regex=None, packages_above=None, packages_above_and_dependencies=None, packages_above_depth=None, packages_select_by_dep=None, packages_skip_by_dep=None, packages_skip_up_to=None, packages_select_build_failed=False, packages_skip_build_finished=False, packages_select_test_failures=False, packages_skip_test_passed=False, packages_select=['dht11_pkg'], packages_skip=None, packages_select_regex=None, packages_skip_regex=None, packages_start=None, packages_end=None, cmake_args=None, cmake_target=None, cmake_target_skip_unavailable=False, cmake_clean_cache=False, cmake_clean_first=False, cmake_force_configure=False, ament_cmake_args=None, catkin_cmake_args=None, catkin_skip_building_tests=False, verb_parser=<colcon_defaults.argument_parser.defaults.DefaultArgumentsDecorator object at 0xffff80af0170>, verb_extension=<colcon_core.verb.build.BuildVerb object at 0xffff81db3560>, main=<bound method BuildVerb.main of <colcon_core.verb.build.BuildVerb object at 0xffff81db3560>>)
[2.196s] Level 1:colcon.colcon_core.package_discovery:discover_packages(colcon_meta) check parameters
[2.198s] Level 1:colcon.colcon_core.package_discovery:discover_packages(recursive) check parameters
[2.198s] Level 1:colcon.colcon_core.package_discovery:discover_packages(ignore) check parameters
[2.199s] Level 1:colcon.colcon_core.package_discovery:discover_packages(path) check parameters
[2.199s] Level 1:colcon.colcon_core.package_discovery:discover_packages(colcon_meta) discover
[2.199s] Level 1:colcon.colcon_core.package_discovery:discover_packages(recursive) discover
[2.200s] INFO:colcon.colcon_core.package_discovery:Crawling recursively for packages in '/home/a720a/ros2_ws'
[2.200s] Level 1:colcon.colcon_core.package_identification:_identify(.) by extensions ['ignore', 'ignore_ament_install']
[2.201s] Level 1:colcon.colcon_core.package_identification:_identify(.) by extension 'ignore'
[2.201s] Level 1:colcon.colcon_core.package_identification:_identify(.) by extension 'ignore_ament_install'
[2.202s] Level 1:colcon.colcon_core.package_identification:_identify(.) by extensions ['colcon_pkg']
[2.202s] Level 1:colcon.colcon_core.package_identification:_identify(.) by extension 'colcon_pkg'
[2.202s] Level 1:colcon.colcon_core.package_identification:_identify(.) by extensions ['colcon_meta']
[2.202s] Level 1:colcon.colcon_core.package_identification:_identify(.) by extension 'colcon_meta'
[2.202s] Level 1:colcon.colcon_core.package_identification:_identify(.) by extensions ['ros']
[2.203s] Level 1:colcon.colcon_core.package_identification:_identify(.) by extension 'ros'
[2.385s] Level 1:colcon.colcon_core.package_identification:_identify(.) by extensions ['cmake', 'python']
[2.385s] Level 1:colcon.colcon_core.package_identification:_identify(.) by extension 'cmake'
[2.386s] Level 1:colcon.colcon_core.package_identification:_identify(.) by extension 'python'
[2.386s] Level 1:colcon.colcon_core.package_identification:_identify(.) by extensions ['python_setup_py']
[2.386s] Level 1:colcon.colcon_core.package_identification:_identify(.) by extension 'python_setup_py'
[2.387s] Level 1:colcon.colcon_core.package_identification:_identify(build) by extensions ['ignore', 'ignore_ament_install']
[2.387s] Level 1:colcon.colcon_core.package_identification:_identify(build) by extension 'ignore'
[2.387s] Level 1:colcon.colcon_core.package_identification:_identify(build) ignored
[2.388s] Level 1:colcon.colcon_core.package_identification:_identify(install) by extensions ['ignore', 'ignore_ament_install']
[2.388s] Level 1:colcon.colcon_core.package_identification:_identify(install) by extension 'ignore'
[2.389s] Level 1:colcon.colcon_core.package_identification:_identify(install) ignored
[2.389s] Level 1:colcon.colcon_core.package_identification:_identify(log) by extensions ['ignore', 'ignore_ament_install']
[2.389s] Level 1:colcon.colcon_core.package_identification:_identify(log) by extension 'ignore'
[2.390s] Level 1:colcon.colcon_core.package_identification:_identify(log) ignored
[2.391s] Level 1:colcon.colcon_core.package_identification:_identify(src) by extensions ['ignore', 'ignore_ament_install']
[2.391s] Level 1:colcon.colcon_core.package_identification:_identify(src) by extension 'ignore'
[2.391s] Level 1:colcon.colcon_core.package_identification:_identify(src) by extension 'ignore_ament_install'
[2.392s] Level 1:colcon.colcon_core.package_identification:_identify(src) by extensions ['colcon_pkg']
[2.392s] Level 1:colcon.colcon_core.package_identification:_identify(src) by extension 'colcon_pkg'
[2.392s] Level 1:colcon.colcon_core.package_identification:_identify(src) by extensions ['colcon_meta']
[2.392s] Level 1:colcon.colcon_core.package_identification:_identify(src) by extension 'colcon_meta'
[2.392s] Level 1:colcon.colcon_core.package_identification:_identify(src) by extensions ['ros']
[2.392s] Level 1:colcon.colcon_core.package_identification:_identify(src) by extension 'ros'
[2.393s] Level 1:colcon.colcon_core.package_identification:_identify(src) by extensions ['cmake', 'python']
[2.393s] Level 1:colcon.colcon_core.package_identification:_identify(src) by extension 'cmake'
[2.393s] Level 1:colcon.colcon_core.package_identification:_identify(src) by extension 'python'
[2.393s] Level 1:colcon.colcon_core.package_identification:_identify(src) by extensions ['python_setup_py']
[2.393s] Level 1:colcon.colcon_core.package_identification:_identify(src) by extension 'python_setup_py'
[2.394s] Level 1:colcon.colcon_core.package_identification:_identify(src/dht11_pkg) by extensions ['ignore', 'ignore_ament_install']
[2.395s] Level 1:colcon.colcon_core.package_identification:_identify(src/dht11_pkg) by extension 'ignore'
[2.395s] Level 1:colcon.colcon_core.package_identification:_identify(src/dht11_pkg) by extension 'ignore_ament_install'
[2.395s] Level 1:colcon.colcon_core.package_identification:_identify(src/dht11_pkg) by extensions ['colcon_pkg']
[2.396s] Level 1:colcon.colcon_core.package_identification:_identify(src/dht11_pkg) by extension 'colcon_pkg'
[2.396s] Level 1:colcon.colcon_core.package_identification:_identify(src/dht11_pkg) by extensions ['colcon_meta']
[2.396s] Level 1:colcon.colcon_core.package_identification:_identify(src/dht11_pkg) by extension 'colcon_meta'
[2.396s] Level 1:colcon.colcon_core.package_identification:_identify(src/dht11_pkg) by extensions ['ros']
[2.396s] Level 1:colcon.colcon_core.package_identification:_identify(src/dht11_pkg) by extension 'ros'
[2.410s] DEBUG:colcon.colcon_core.package_identification:Package 'src/dht11_pkg' with type 'ros.ament_python' and name 'dht11_pkg'
[2.410s] Level 1:colcon.colcon_core.package_discovery:discover_packages(recursive) using defaults
[2.410s] Level 1:colcon.colcon_core.package_discovery:discover_packages(ignore) discover
[2.410s] Level 1:colcon.colcon_core.package_discovery:discover_packages(ignore) using defaults
[2.410s] Level 1:colcon.colcon_core.package_discovery:discover_packages(path) discover
[2.410s] Level 1:colcon.colcon_core.package_discovery:discover_packages(path) using defaults
[2.556s] Level 5:colcon.colcon_core.verb:set package 'dht11_pkg' build argument 'cmake_args' from command line to 'None'
[2.556s] Level 5:colcon.colcon_core.verb:set package 'dht11_pkg' build argument 'cmake_target' from command line to 'None'
[2.556s] Level 5:colcon.colcon_core.verb:set package 'dht11_pkg' build argument 'cmake_target_skip_unavailable' from command line to 'False'
[2.556s] Level 5:colcon.colcon_core.verb:set package 'dht11_pkg' build argument 'cmake_clean_cache' from command line to 'False'
[2.557s] Level 5:colcon.colcon_core.verb:set package 'dht11_pkg' build argument 'cmake_clean_first' from command line to 'False'
[2.557s] Level 5:colcon.colcon_core.verb:set package 'dht11_pkg' build argument 'cmake_force_configure' from command line to 'False'
[2.557s] Level 5:colcon.colcon_core.verb:set package 'dht11_pkg' build argument 'ament_cmake_args' from command line to 'None'
[2.557s] Level 5:colcon.colcon_core.verb:set package 'dht11_pkg' build argument 'catkin_cmake_args' from command line to 'None'
[2.557s] Level 5:colcon.colcon_core.verb:set package 'dht11_pkg' build argument 'catkin_skip_building_tests' from command line to 'False'
[2.557s] DEBUG:colcon.colcon_core.verb:Building package 'dht11_pkg' with the following arguments: {'ament_cmake_args': None, 'build_base': '/home/a720a/ros2_ws/build/dht11_pkg', 'catkin_cmake_args': None, 'catkin_skip_building_tests': False, 'cmake_args': None, 'cmake_clean_cache': False, 'cmake_clean_first': False, 'cmake_force_configure': False, 'cmake_target': None, 'cmake_target_skip_unavailable': False, 'install_base': '/home/a720a/ros2_ws/install/dht11_pkg', 'merge_install': False, 'path': '/home/a720a/ros2_ws/src/dht11_pkg', 'symlink_install': False, 'test_result_base': None}
[2.558s] INFO:colcon.colcon_core.executor:Executing jobs using 'parallel' executor
[2.562s] DEBUG:colcon.colcon_parallel_executor.executor.parallel:run_until_complete
[2.563s] INFO:colcon.colcon_ros.task.ament_python.build:Building ROS package in '/home/a720a/ros2_ws/src/dht11_pkg' with build type 'ament_python'
[2.564s] Level 1:colcon.colcon_core.shell:create_environment_hook('dht11_pkg', 'ament_prefix_path')
[2.593s] INFO:colcon.colcon_core.plugin_system:Skipping extension 'colcon_core.shell.bat': Not used on non-Windows systems
[2.595s] INFO:colcon.colcon_core.shell:Creating environment descriptor '/home/a720a/ros2_ws/install/dht11_pkg/share/dht11_pkg/hook/ament_prefix_path.dsv'
[2.602s] INFO:colcon.colcon_core.shell:Creating environment hook '/home/a720a/ros2_ws/install/dht11_pkg/share/dht11_pkg/hook/ament_prefix_path.sh'
[2.610s] DEBUG:colcon.colcon_core.shell:Skip shell extension 'dsv' for command environment
[4.290s] INFO:colcon.colcon_core.task.python.build:Building Python package in '/home/a720a/ros2_ws/src/dht11_pkg'
[4.291s] DEBUG:colcon.colcon_core.shell:Skip shell extension 'dsv' for command environment
[8.539s] DEBUG:colcon.colcon_core.event_handler.log_command:Invoking command in '/home/a720a/ros2_ws/src/dht11_pkg': DEBUGINFOD_URLS=https://debuginfod.ubuntu.com PYTHONPATH=/home/a720a/ros2_ws/build/dht11_pkg/prefix_override:/usr/lib/python3/dist-packages/colcon_core/task/python/colcon_distutils_commands:/home/a720a/ros2_ws/install/dht11_pkg/lib/python3.12/site-packages:${PYTHONPATH} /usr/bin/python3 -W ignore:setup.py install is deprecated -W ignore:easy_install command is deprecated setup.py egg_info --egg-base ../../build/dht11_pkg build --build-base /home/a720a/ros2_ws/build/dht11_pkg/build install --record /home/a720a/ros2_ws/build/dht11_pkg/install.log --single-version-externally-managed install_data
[11.763s] DEBUG:colcon.colcon_core.event_handler.log_command:Invoked command in '/home/a720a/ros2_ws/src/dht11_pkg' returned '0': DEBUGINFOD_URLS=https://debuginfod.ubuntu.com PYTHONPATH=/home/a720a/ros2_ws/build/dht11_pkg/prefix_override:/usr/lib/python3/dist-packages/colcon_core/task/python/colcon_distutils_commands:/home/a720a/ros2_ws/install/dht11_pkg/lib/python3.12/site-packages:${PYTHONPATH} /usr/bin/python3 -W ignore:setup.py install is deprecated -W ignore:easy_install command is deprecated setup.py egg_info --egg-base ../../build/dht11_pkg build --build-base /home/a720a/ros2_ws/build/dht11_pkg/build install --record /home/a720a/ros2_ws/build/dht11_pkg/install.log --single-version-externally-managed install_data
[11.787s] Level 1:colcon.colcon_core.environment:checking '/home/a720a/ros2_ws/install/dht11_pkg' for CMake module files
[11.791s] Level 1:colcon.colcon_core.environment:checking '/home/a720a/ros2_ws/install/dht11_pkg' for CMake config files
[11.796s] Level 1:colcon.colcon_core.environment:checking '/home/a720a/ros2_ws/install/dht11_pkg/lib'
[11.797s] Level 1:colcon.colcon_core.environment:checking '/home/a720a/ros2_ws/install/dht11_pkg/bin'
[11.797s] Level 1:colcon.colcon_core.environment:checking '/home/a720a/ros2_ws/install/dht11_pkg/lib/pkgconfig/dht11_pkg.pc'
[11.798s] Level 1:colcon.colcon_core.environment:checking '/home/a720a/ros2_ws/install/dht11_pkg/lib/python3.12/site-packages'
[11.799s] Level 1:colcon.colcon_core.shell:create_environment_hook('dht11_pkg', 'pythonpath')
[11.800s] INFO:colcon.colcon_core.shell:Creating environment descriptor '/home/a720a/ros2_ws/install/dht11_pkg/share/dht11_pkg/hook/pythonpath.dsv'
[11.802s] INFO:colcon.colcon_core.shell:Creating environment hook '/home/a720a/ros2_ws/install/dht11_pkg/share/dht11_pkg/hook/pythonpath.sh'
[11.806s] Level 1:colcon.colcon_core.environment:checking '/home/a720a/ros2_ws/install/dht11_pkg/bin'
[11.806s] Level 1:colcon.colcon_core.environment:create_environment_scripts_only(dht11_pkg)
[11.807s] INFO:colcon.colcon_core.shell:Creating package descriptor '/home/a720a/ros2_ws/install/dht11_pkg/share/dht11_pkg/package.dsv'
[11.810s] INFO:colcon.colcon_core.shell:Creating package script '/home/a720a/ros2_ws/install/dht11_pkg/share/dht11_pkg/package.sh'
[11.814s] INFO:colcon.colcon_core.shell:Creating package script '/home/a720a/ros2_ws/install/dht11_pkg/share/dht11_pkg/package.bash'
[11.819s] INFO:colcon.colcon_core.shell:Creating package script '/home/a720a/ros2_ws/install/dht11_pkg/share/dht11_pkg/package.zsh'
[11.823s] Level 1:colcon.colcon_core.environment:create_file_with_runtime_dependencies(/home/a720a/ros2_ws/install/dht11_pkg/share/colcon-core/packages/dht11_pkg)
[11.824s] DEBUG:colcon.colcon_parallel_executor.executor.parallel:closing loop
[11.826s] DEBUG:colcon.colcon_parallel_executor.executor.parallel:loop closed
[11.827s] DEBUG:colcon.colcon_parallel_executor.executor.parallel:run_until_complete finished with '0'
[11.827s] DEBUG:colcon.colcon_core.event_reactor:joining thread
[11.931s] INFO:colcon.colcon_core.plugin_system:Skipping extension 'colcon_notification.desktop_notification.terminal_notifier': Not used on non-Darwin systems
[11.931s] INFO:colcon.colcon_core.plugin_system:Skipping extension 'colcon_notification.desktop_notification.win32': Not used on non-Windows systems
[11.931s] INFO:colcon.colcon_notification.desktop_notification:Sending desktop notification using 'notify2'
[12.380s] DEBUG:colcon.colcon_core.event_reactor:joined thread
[12.381s] INFO:colcon.colcon_core.shell:Creating prefix script '/home/a720a/ros2_ws/install/local_setup.sh'
[12.388s] INFO:colcon.colcon_core.shell:Creating prefix util module '/home/a720a/ros2_ws/install/_local_setup_util_sh.py'
[12.398s] INFO:colcon.colcon_core.shell:Creating prefix chain script '/home/a720a/ros2_ws/install/setup.sh'
[12.405s] INFO:colcon.colcon_core.shell:Creating prefix script '/home/a720a/ros2_ws/install/local_setup.bash'
[12.409s] INFO:colcon.colcon_core.shell:Creating prefix chain script '/home/a720a/ros2_ws/install/setup.bash'
[12.417s] INFO:colcon.colcon_core.shell:Creating prefix script '/home/a720a/ros2_ws/install/local_setup.zsh'
[12.424s] INFO:colcon.colcon_core.shell:Creating prefix chain script '/home/a720a/ros2_ws/install/setup.zsh'
