running egg_info
writing ../../build/dht11_pkg/dht11_pkg.egg-info/PKG-INFO
writing dependency_links to ../../build/dht11_pkg/dht11_pkg.egg-info/dependency_links.txt
writing entry points to ../../build/dht11_pkg/dht11_pkg.egg-info/entry_points.txt
writing requirements to ../../build/dht11_pkg/dht11_pkg.egg-info/requires.txt
writing top-level names to ../../build/dht11_pkg/dht11_pkg.egg-info/top_level.txt
reading manifest file '../../build/dht11_pkg/dht11_pkg.egg-info/SOURCES.txt'
writing manifest file '../../build/dht11_pkg/dht11_pkg.egg-info/SOURCES.txt'
running build
running build_py
copying dht11_pkg/dht11_publisher.py -> /home/a720a/ros2_ws/build/dht11_pkg/build/lib/dht11_pkg
copying dht11_pkg/dht11_subscriber.py -> /home/a720a/ros2_ws/build/dht11_pkg/build/lib/dht11_pkg
copying dht11_pkg/dht11_monitor.py -> /home/a720a/ros2_ws/build/dht11_pkg/build/lib/dht11_pkg
running install
running install_lib
copying /home/a720a/ros2_ws/build/dht11_pkg/build/lib/dht11_pkg/dht11_publisher.py -> /home/a720a/ros2_ws/install/dht11_pkg/lib/python3.12/site-packages/dht11_pkg
copying /home/a720a/ros2_ws/build/dht11_pkg/build/lib/dht11_pkg/dht11_subscriber.py -> /home/a720a/ros2_ws/install/dht11_pkg/lib/python3.12/site-packages/dht11_pkg
copying /home/a720a/ros2_ws/build/dht11_pkg/build/lib/dht11_pkg/dht11_monitor.py -> /home/a720a/ros2_ws/install/dht11_pkg/lib/python3.12/site-packages/dht11_pkg
byte-compiling /home/a720a/ros2_ws/install/dht11_pkg/lib/python3.12/site-packages/dht11_pkg/dht11_publisher.py to dht11_publisher.cpython-312.pyc
byte-compiling /home/a720a/ros2_ws/install/dht11_pkg/lib/python3.12/site-packages/dht11_pkg/dht11_subscriber.py to dht11_subscriber.cpython-312.pyc
byte-compiling /home/a720a/ros2_ws/install/dht11_pkg/lib/python3.12/site-packages/dht11_pkg/dht11_monitor.py to dht11_monitor.cpython-312.pyc
running install_data
running install_egg_info
removing '/home/a720a/ros2_ws/install/dht11_pkg/lib/python3.12/site-packages/dht11_pkg-0.0.0-py3.12.egg-info' (and everything under it)
Copying ../../build/dht11_pkg/dht11_pkg.egg-info to /home/a720a/ros2_ws/install/dht11_pkg/lib/python3.12/site-packages/dht11_pkg-0.0.0-py3.12.egg-info
running install_scripts
Installing monitor script to /home/a720a/ros2_ws/install/dht11_pkg/lib/dht11_pkg
Installing publisher script to /home/a720a/ros2_ws/install/dht11_pkg/lib/dht11_pkg
Installing subscriber script to /home/a720a/ros2_ws/install/dht11_pkg/lib/dht11_pkg
writing list of installed files to '/home/a720a/ros2_ws/build/dht11_pkg/install.log'
