[5.810s] Invoking command in '/home/a720a/ros_ws/src/yolo_detector': DEBUGINFOD_URLS=https://debuginfod.ubuntu.com PYTHONPATH=/home/a720a/ros_ws/build/yolo_detector/prefix_override:/usr/lib/python3/dist-packages/colcon_core/task/python/colcon_distutils_commands:/home/a720a/ros_ws/install/yolo_detector/lib/python3.12/site-packages:${PYTHONPATH} /usr/bin/python3 -W ignore:setup.py install is deprecated -W ignore:easy_install command is deprecated setup.py egg_info --egg-base ../../build/yolo_detector build --build-base /home/a720a/ros_ws/build/yolo_detector/build install --record /home/a720a/ros_ws/build/yolo_detector/install.log --single-version-externally-managed install_data
[7.334s] running egg_info
[7.448s] writing ../../build/yolo_detector/yolo_detector.egg-info/PKG-INFO
[7.451s] writing dependency_links to ../../build/yolo_detector/yolo_detector.egg-info/dependency_links.txt
[7.453s] writing entry points to ../../build/yolo_detector/yolo_detector.egg-info/entry_points.txt
[7.456s] writing requirements to ../../build/yolo_detector/yolo_detector.egg-info/requires.txt
[7.458s] writing top-level names to ../../build/yolo_detector/yolo_detector.egg-info/top_level.txt
[7.687s] reading manifest file '../../build/yolo_detector/yolo_detector.egg-info/SOURCES.txt'
[7.692s] writing manifest file '../../build/yolo_detector/yolo_detector.egg-info/SOURCES.txt'
[7.693s] running build
[7.693s] running build_py
[7.696s] copying yolo_detector/camera_node.py -> /home/a720a/ros_ws/build/yolo_detector/build/lib/yolo_detector
[7.698s] running install
[7.728s] running install_lib
[7.845s] copying /home/a720a/ros_ws/build/yolo_detector/build/lib/yolo_detector/camera_node.py -> /home/a720a/ros_ws/install/yolo_detector/lib/python3.12/site-packages/yolo_detector
[7.849s] byte-compiling /home/a720a/ros_ws/install/yolo_detector/lib/python3.12/site-packages/yolo_detector/camera_node.py to camera_node.cpython-312.pyc
[7.853s] running install_data
[7.858s] running install_egg_info
[7.981s] removing '/home/a720a/ros_ws/install/yolo_detector/lib/python3.12/site-packages/yolo_detector-0.0.0-py3.12.egg-info' (and everything under it)
[7.983s] Copying ../../build/yolo_detector/yolo_detector.egg-info to /home/a720a/ros_ws/install/yolo_detector/lib/python3.12/site-packages/yolo_detector-0.0.0-py3.12.egg-info
[7.990s] running install_scripts
[8.855s] Installing camera_node script to /home/a720a/ros_ws/install/yolo_detector/lib/yolo_detector
[8.858s] Installing yolo_node script to /home/a720a/ros_ws/install/yolo_detector/lib/yolo_detector
[8.860s] writing list of installed files to '/home/a720a/ros_ws/build/yolo_detector/install.log'
[9.054s] Invoked command in '/home/a720a/ros_ws/src/yolo_detector' returned '0': DEBUGINFOD_URLS=https://debuginfod.ubuntu.com PYTHONPATH=/home/a720a/ros_ws/build/yolo_detector/prefix_override:/usr/lib/python3/dist-packages/colcon_core/task/python/colcon_distutils_commands:/home/a720a/ros_ws/install/yolo_detector/lib/python3.12/site-packages:${PYTHONPATH} /usr/bin/python3 -W ignore:setup.py install is deprecated -W ignore:easy_install command is deprecated setup.py egg_info --egg-base ../../build/yolo_detector build --build-base /home/a720a/ros_ws/build/yolo_detector/build install --record /home/a720a/ros_ws/build/yolo_detector/install.log --single-version-externally-managed install_data
