[5.525s] Invoking command in '/home/fr/ros2_ws/balloon_ws/build/camera_node': PYTHONPATH=/home/fr/ros2_ws/balloon_ws/build/camera_node/prefix_override:/usr/lib/python3/dist-packages/colcon_core/task/python/colcon_distutils_commands:/home/fr/ros2_ws/balloon_ws/install/camera_node/lib/python3.10/site-packages:${PYTHONPATH} /usr/bin/python3 -W ignore:setup.py install is deprecated -W ignore:easy_install command is deprecated setup.py develop --editable --build-directory /home/fr/ros2_ws/balloon_ws/build/camera_node/build --no-deps symlink_data
[7.640s] running develop
[9.072s] running egg_info
[9.078s] creating camera_node.egg-info
[9.081s] writing camera_node.egg-info/PKG-INFO
[9.081s] writing dependency_links to camera_node.egg-info/dependency_links.txt
[9.085s] writing entry points to camera_node.egg-info/entry_points.txt
[9.086s] writing requirements to camera_node.egg-info/requires.txt
[9.086s] writing top-level names to camera_node.egg-info/top_level.txt
[9.088s] writing manifest file 'camera_node.egg-info/SOURCES.txt'
[9.099s] reading manifest file 'camera_node.egg-info/SOURCES.txt'
[9.105s] writing manifest file 'camera_node.egg-info/SOURCES.txt'
[9.118s] running build_ext
[9.118s] Creating /home/fr/ros2_ws/balloon_ws/install/camera_node/lib/python3.10/site-packages/camera-node.egg-link (link to .)
[9.133s] Installing usb_camera_node script to /home/fr/ros2_ws/balloon_ws/install/camera_node/lib/camera_node
[9.136s] 
[9.137s] Installed /home/fr/ros2_ws/balloon_ws/build/camera_node
[9.142s] running symlink_data
[9.144s] creating /home/fr/ros2_ws/balloon_ws/install/camera_node/share/ament_index
[9.145s] creating /home/fr/ros2_ws/balloon_ws/install/camera_node/share/ament_index/resource_index
[9.146s] creating /home/fr/ros2_ws/balloon_ws/install/camera_node/share/ament_index/resource_index/packages
[9.148s] symbolically linking /home/fr/ros2_ws/balloon_ws/build/camera_node/resource/camera_node -> /home/fr/ros2_ws/balloon_ws/install/camera_node/share/ament_index/resource_index/packages
[9.154s] symbolically linking /home/fr/ros2_ws/balloon_ws/build/camera_node/package.xml -> /home/fr/ros2_ws/balloon_ws/install/camera_node/share/camera_node
[9.457s] Invoked command in '/home/fr/ros2_ws/balloon_ws/build/camera_node' returned '0': PYTHONPATH=/home/fr/ros2_ws/balloon_ws/build/camera_node/prefix_override:/usr/lib/python3/dist-packages/colcon_core/task/python/colcon_distutils_commands:/home/fr/ros2_ws/balloon_ws/install/camera_node/lib/python3.10/site-packages:${PYTHONPATH} /usr/bin/python3 -W ignore:setup.py install is deprecated -W ignore:easy_install command is deprecated setup.py develop --editable --build-directory /home/fr/ros2_ws/balloon_ws/build/camera_node/build --no-deps symlink_data
