[5.665s] Invoking command in '/home/a720a/ros_ws/src/yolo_detector': DEBUGINFOD_URLS=https://debuginfod.ubuntu.com PYTHONPATH=/home/a720a/ros_ws/build/yolo_detector/prefix_override:/usr/lib/python3/dist-packages/colcon_core/task/python/colcon_distutils_commands:/home/a720a/ros_ws/install/yolo_detector/lib/python3.12/site-packages:${PYTHONPATH} /usr/bin/python3 -W ignore:setup.py install is deprecated -W ignore:easy_install command is deprecated setup.py egg_info --egg-base ../../build/yolo_detector build --build-base /home/a720a/ros_ws/build/yolo_detector/build install --record /home/a720a/ros_ws/build/yolo_detector/install.log --single-version-externally-managed install_data
[7.200s] running egg_info
[7.201s] creating ../../build/yolo_detector/yolo_detector.egg-info
[7.311s] writing ../../build/yolo_detector/yolo_detector.egg-info/PKG-INFO
[7.313s] writing dependency_links to ../../build/yolo_detector/yolo_detector.egg-info/dependency_links.txt
[7.314s] writing entry points to ../../build/yolo_detector/yolo_detector.egg-info/entry_points.txt
[7.314s] writing requirements to ../../build/yolo_detector/yolo_detector.egg-info/requires.txt
[7.315s] writing top-level names to ../../build/yolo_detector/yolo_detector.egg-info/top_level.txt
[7.316s] writing manifest file '../../build/yolo_detector/yolo_detector.egg-info/SOURCES.txt'
[7.543s] reading manifest file '../../build/yolo_detector/yolo_detector.egg-info/SOURCES.txt'
[7.546s] writing manifest file '../../build/yolo_detector/yolo_detector.egg-info/SOURCES.txt'
[7.547s] running build
[7.548s] running build_py
[7.548s] creating /home/a720a/ros_ws/build/yolo_detector/build
[7.549s] creating /home/a720a/ros_ws/build/yolo_detector/build/lib
[7.550s] creating /home/a720a/ros_ws/build/yolo_detector/build/lib/yolo_detector
[7.551s] copying yolo_detector/__init__.py -> /home/a720a/ros_ws/build/yolo_detector/build/lib/yolo_detector
[7.552s] copying yolo_detector/camera_node.py -> /home/a720a/ros_ws/build/yolo_detector/build/lib/yolo_detector
[7.553s] copying yolo_detector/yolo_node.py -> /home/a720a/ros_ws/build/yolo_detector/build/lib/yolo_detector
[7.561s] running install
[7.594s] running install_lib
[7.706s] creating /home/a720a/ros_ws/install/yolo_detector/lib/python3.12/site-packages/yolo_detector
[7.707s] copying /home/a720a/ros_ws/build/yolo_detector/build/lib/yolo_detector/__init__.py -> /home/a720a/ros_ws/install/yolo_detector/lib/python3.12/site-packages/yolo_detector
[7.708s] copying /home/a720a/ros_ws/build/yolo_detector/build/lib/yolo_detector/camera_node.py -> /home/a720a/ros_ws/install/yolo_detector/lib/python3.12/site-packages/yolo_detector
[7.709s] copying /home/a720a/ros_ws/build/yolo_detector/build/lib/yolo_detector/yolo_node.py -> /home/a720a/ros_ws/install/yolo_detector/lib/python3.12/site-packages/yolo_detector
[7.712s] byte-compiling /home/a720a/ros_ws/install/yolo_detector/lib/python3.12/site-packages/yolo_detector/__init__.py to __init__.cpython-312.pyc
[7.713s] byte-compiling /home/a720a/ros_ws/install/yolo_detector/lib/python3.12/site-packages/yolo_detector/camera_node.py to camera_node.cpython-312.pyc
[7.716s] byte-compiling /home/a720a/ros_ws/install/yolo_detector/lib/python3.12/site-packages/yolo_detector/yolo_node.py to yolo_node.cpython-312.pyc
[7.719s] running install_data
[7.720s] creating /home/a720a/ros_ws/install/yolo_detector/share/ament_index
[7.721s] creating /home/a720a/ros_ws/install/yolo_detector/share/ament_index/resource_index
[7.721s] creating /home/a720a/ros_ws/install/yolo_detector/share/ament_index/resource_index/packages
[7.722s] copying resource/yolo_detector -> /home/a720a/ros_ws/install/yolo_detector/share/ament_index/resource_index/packages
[7.723s] copying package.xml -> /home/a720a/ros_ws/install/yolo_detector/share/yolo_detector
[7.723s] running install_egg_info
[7.841s] Copying ../../build/yolo_detector/yolo_detector.egg-info to /home/a720a/ros_ws/install/yolo_detector/lib/python3.12/site-packages/yolo_detector-0.0.0-py3.12.egg-info
[7.847s] running install_scripts
[8.684s] Installing camera_node script to /home/a720a/ros_ws/install/yolo_detector/lib/yolo_detector
[8.685s] Installing yolo_node script to /home/a720a/ros_ws/install/yolo_detector/lib/yolo_detector
[8.687s] writing list of installed files to '/home/a720a/ros_ws/build/yolo_detector/install.log'
[8.853s] Invoked command in '/home/a720a/ros_ws/src/yolo_detector' returned '0': DEBUGINFOD_URLS=https://debuginfod.ubuntu.com PYTHONPATH=/home/a720a/ros_ws/build/yolo_detector/prefix_override:/usr/lib/python3/dist-packages/colcon_core/task/python/colcon_distutils_commands:/home/a720a/ros_ws/install/yolo_detector/lib/python3.12/site-packages:${PYTHONPATH} /usr/bin/python3 -W ignore:setup.py install is deprecated -W ignore:easy_install command is deprecated setup.py egg_info --egg-base ../../build/yolo_detector build --build-base /home/a720a/ros_ws/build/yolo_detector/build install --record /home/a720a/ros_ws/build/yolo_detector/install.log --single-version-externally-managed install_data
