[1.697s] [34mcolcon[0m [1;30mDEBUG[0m [32mCommand line arguments: ['/usr/bin/colcon', 'build', '--symlink-install'][0m
[1.697s] [34mcolcon[0m [1;30mDEBUG[0m [32mParsed command line arguments: Namespace(log_base=None, log_level=None, verb_name='build', build_base='build', install_base='install', merge_install=False, symlink_install=True, test_result_base=None, continue_on_error=False, executor='parallel', parallel_workers=4, event_handlers=None, ignore_user_meta=False, metas=['./colcon.meta'], base_paths=['.'], packages_ignore=None, packages_ignore_regex=None, paths=None, packages_up_to=None, packages_up_to_regex=None, packages_above=None, packages_above_and_dependencies=None, packages_above_depth=None, packages_select_by_dep=None, packages_skip_by_dep=None, packages_skip_up_to=None, packages_select_build_failed=False, packages_skip_build_finished=False, packages_select_test_failures=False, packages_skip_test_passed=False, packages_select=None, packages_skip=None, packages_select_regex=None, packages_skip_regex=None, packages_start=None, packages_end=None, allow_overriding=[], cmake_args=None, cmake_target=None, cmake_target_skip_unavailable=False, cmake_clean_cache=False, cmake_clean_first=False, cmake_force_configure=False, ament_cmake_args=None, catkin_cmake_args=None, catkin_skip_building_tests=False, mixin_files=None, mixin=None, verb_parser=<colcon_mixin.mixin.mixin_argument.MixinArgumentDecorator object at 0xffffa2360850>, verb_extension=<colcon_core.verb.build.BuildVerb object at 0xffffa248ded0>, main=<bound method BuildVerb.main of <colcon_core.verb.build.BuildVerb object at 0xffffa248ded0>>, mixin_verb=('build',))[0m
[3.005s] [34mcolcon.colcon_core.package_discovery[0m [1;30mLevel 1[0m discover_packages(colcon_meta) check parameters
[3.005s] [34mcolcon.colcon_core.package_discovery[0m [1;30mLevel 1[0m discover_packages(recursive) check parameters
[3.006s] [34mcolcon.colcon_core.package_discovery[0m [1;30mLevel 1[0m discover_packages(ignore) check parameters
[3.006s] [34mcolcon.colcon_core.package_discovery[0m [1;30mLevel 1[0m discover_packages(path) check parameters
[3.006s] [34mcolcon.colcon_core.package_discovery[0m [1;30mLevel 1[0m discover_packages(colcon_meta) discover
[3.006s] [34mcolcon.colcon_core.package_discovery[0m [1;30mLevel 1[0m discover_packages(recursive) discover
[3.006s] [34mcolcon.colcon_core.package_discovery[0m [1;30mINFO[0m Crawling recursively for packages in '/home/fr/ros2_ws/balloon_ws'
[3.007s] [34mcolcon.colcon_core.package_identification[0m [1;30mLevel 1[0m _identify(.) by extensions ['ignore', 'ignore_ament_install']
[3.007s] [34mcolcon.colcon_core.package_identification[0m [1;30mLevel 1[0m _identify(.) by extension 'ignore'
[3.008s] [34mcolcon.colcon_core.package_identification[0m [1;30mLevel 1[0m _identify(.) by extension 'ignore_ament_install'
[3.008s] [34mcolcon.colcon_core.package_identification[0m [1;30mLevel 1[0m _identify(.) by extensions ['colcon_pkg']
[3.008s] [34mcolcon.colcon_core.package_identification[0m [1;30mLevel 1[0m _identify(.) by extension 'colcon_pkg'
[3.008s] [34mcolcon.colcon_core.package_identification[0m [1;30mLevel 1[0m _identify(.) by extensions ['colcon_meta']
[3.008s] [34mcolcon.colcon_core.package_identification[0m [1;30mLevel 1[0m _identify(.) by extension 'colcon_meta'
[3.009s] [34mcolcon.colcon_core.package_identification[0m [1;30mLevel 1[0m _identify(.) by extensions ['ros']
[3.009s] [34mcolcon.colcon_core.package_identification[0m [1;30mLevel 1[0m _identify(.) by extension 'ros'
[3.225s] [34mcolcon.colcon_core.package_identification[0m [1;30mLevel 1[0m _identify(.) by extensions ['cmake', 'python']
[3.225s] [34mcolcon.colcon_core.package_identification[0m [1;30mLevel 1[0m _identify(.) by extension 'cmake'
[3.226s] [34mcolcon.colcon_core.package_identification[0m [1;30mLevel 1[0m _identify(.) by extension 'python'
[3.226s] [34mcolcon.colcon_core.package_identification[0m [1;30mLevel 1[0m _identify(.) by extensions ['python_setup_py']
[3.226s] [34mcolcon.colcon_core.package_identification[0m [1;30mLevel 1[0m _identify(.) by extension 'python_setup_py'
[3.227s] [34mcolcon.colcon_core.package_identification[0m [1;30mLevel 1[0m _identify(build) by extensions ['ignore', 'ignore_ament_install']
[3.227s] [34mcolcon.colcon_core.package_identification[0m [1;30mLevel 1[0m _identify(build) by extension 'ignore'
[3.227s] [34mcolcon.colcon_core.package_identification[0m [1;30mLevel 1[0m _identify(build) ignored
[3.228s] [34mcolcon.colcon_core.package_identification[0m [1;30mLevel 1[0m _identify(install) by extensions ['ignore', 'ignore_ament_install']
[3.228s] [34mcolcon.colcon_core.package_identification[0m [1;30mLevel 1[0m _identify(install) by extension 'ignore'
[3.228s] [34mcolcon.colcon_core.package_identification[0m [1;30mLevel 1[0m _identify(install) ignored
[3.229s] [34mcolcon.colcon_core.package_identification[0m [1;30mLevel 1[0m _identify(log) by extensions ['ignore', 'ignore_ament_install']
[3.229s] [34mcolcon.colcon_core.package_identification[0m [1;30mLevel 1[0m _identify(log) by extension 'ignore'
[3.229s] [34mcolcon.colcon_core.package_identification[0m [1;30mLevel 1[0m _identify(log) ignored
[3.230s] [34mcolcon.colcon_core.package_identification[0m [1;30mLevel 1[0m _identify(src) by extensions ['ignore', 'ignore_ament_install']
[3.231s] [34mcolcon.colcon_core.package_identification[0m [1;30mLevel 1[0m _identify(src) by extension 'ignore'
[3.231s] [34mcolcon.colcon_core.package_identification[0m [1;30mLevel 1[0m _identify(src) by extension 'ignore_ament_install'
[3.231s] [34mcolcon.colcon_core.package_identification[0m [1;30mLevel 1[0m _identify(src) by extensions ['colcon_pkg']
[3.231s] [34mcolcon.colcon_core.package_identification[0m [1;30mLevel 1[0m _identify(src) by extension 'colcon_pkg'
[3.232s] [34mcolcon.colcon_core.package_identification[0m [1;30mLevel 1[0m _identify(src) by extensions ['colcon_meta']
[3.232s] [34mcolcon.colcon_core.package_identification[0m [1;30mLevel 1[0m _identify(src) by extension 'colcon_meta'
[3.232s] [34mcolcon.colcon_core.package_identification[0m [1;30mLevel 1[0m _identify(src) by extensions ['ros']
[3.232s] [34mcolcon.colcon_core.package_identification[0m [1;30mLevel 1[0m _identify(src) by extension 'ros'
[3.233s] [34mcolcon.colcon_core.package_identification[0m [1;30mLevel 1[0m _identify(src) by extensions ['cmake', 'python']
[3.233s] [34mcolcon.colcon_core.package_identification[0m [1;30mLevel 1[0m _identify(src) by extension 'cmake'
[3.233s] [34mcolcon.colcon_core.package_identification[0m [1;30mLevel 1[0m _identify(src) by extension 'python'
[3.233s] [34mcolcon.colcon_core.package_identification[0m [1;30mLevel 1[0m _identify(src) by extensions ['python_setup_py']
[3.233s] [34mcolcon.colcon_core.package_identification[0m [1;30mLevel 1[0m _identify(src) by extension 'python_setup_py'
[3.234s] [34mcolcon.colcon_core.package_identification[0m [1;30mLevel 1[0m _identify(src/balloon_detector) by extensions ['ignore', 'ignore_ament_install']
[3.234s] [34mcolcon.colcon_core.package_identification[0m [1;30mLevel 1[0m _identify(src/balloon_detector) by extension 'ignore'
[3.234s] [34mcolcon.colcon_core.package_identification[0m [1;30mLevel 1[0m _identify(src/balloon_detector) by extension 'ignore_ament_install'
[3.235s] [34mcolcon.colcon_core.package_identification[0m [1;30mLevel 1[0m _identify(src/balloon_detector) by extensions ['colcon_pkg']
[3.235s] [34mcolcon.colcon_core.package_identification[0m [1;30mLevel 1[0m _identify(src/balloon_detector) by extension 'colcon_pkg'
[3.235s] [34mcolcon.colcon_core.package_identification[0m [1;30mLevel 1[0m _identify(src/balloon_detector) by extensions ['colcon_meta']
[3.235s] [34mcolcon.colcon_core.package_identification[0m [1;30mLevel 1[0m _identify(src/balloon_detector) by extension 'colcon_meta'
[3.235s] [34mcolcon.colcon_core.package_identification[0m [1;30mLevel 1[0m _identify(src/balloon_detector) by extensions ['ros']
[3.236s] [34mcolcon.colcon_core.package_identification[0m [1;30mLevel 1[0m _identify(src/balloon_detector) by extension 'ros'
[3.257s] [34mcolcon.colcon_core.package_identification[0m [1;30mDEBUG[0m [32mPackage 'src/balloon_detector' with type 'ros.ament_python' and name 'balloon_detector'[0m
[3.258s] [34mcolcon.colcon_core.package_identification[0m [1;30mLevel 1[0m _identify(src/camera_node) by extensions ['ignore', 'ignore_ament_install']
[3.258s] [34mcolcon.colcon_core.package_identification[0m [1;30mLevel 1[0m _identify(src/camera_node) by extension 'ignore'
[3.259s] [34mcolcon.colcon_core.package_identification[0m [1;30mLevel 1[0m _identify(src/camera_node) by extension 'ignore_ament_install'
[3.259s] [34mcolcon.colcon_core.package_identification[0m [1;30mLevel 1[0m _identify(src/camera_node) by extensions ['colcon_pkg']
[3.259s] [34mcolcon.colcon_core.package_identification[0m [1;30mLevel 1[0m _identify(src/camera_node) by extension 'colcon_pkg'
[3.259s] [34mcolcon.colcon_core.package_identification[0m [1;30mLevel 1[0m _identify(src/camera_node) by extensions ['colcon_meta']
[3.259s] [34mcolcon.colcon_core.package_identification[0m [1;30mLevel 1[0m _identify(src/camera_node) by extension 'colcon_meta'
[3.260s] [34mcolcon.colcon_core.package_identification[0m [1;30mLevel 1[0m _identify(src/camera_node) by extensions ['ros']
[3.260s] [34mcolcon.colcon_core.package_identification[0m [1;30mLevel 1[0m _identify(src/camera_node) by extension 'ros'
[3.263s] [34mcolcon.colcon_core.package_identification[0m [1;30mDEBUG[0m [32mPackage 'src/camera_node' with type 'ros.ament_python' and name 'camera_node'[0m
[3.265s] [34mcolcon.colcon_core.package_identification[0m [1;30mLevel 1[0m _identify(src/car_controller) by extensions ['ignore', 'ignore_ament_install']
[3.265s] [34mcolcon.colcon_core.package_identification[0m [1;30mLevel 1[0m _identify(src/car_controller) by extension 'ignore'
[3.265s] [34mcolcon.colcon_core.package_identification[0m [1;30mLevel 1[0m _identify(src/car_controller) by extension 'ignore_ament_install'
[3.266s] [34mcolcon.colcon_core.package_identification[0m [1;30mLevel 1[0m _identify(src/car_controller) by extensions ['colcon_pkg']
[3.266s] [34mcolcon.colcon_core.package_identification[0m [1;30mLevel 1[0m _identify(src/car_controller) by extension 'colcon_pkg'
[3.266s] [34mcolcon.colcon_core.package_identification[0m [1;30mLevel 1[0m _identify(src/car_controller) by extensions ['colcon_meta']
[3.266s] [34mcolcon.colcon_core.package_identification[0m [1;30mLevel 1[0m _identify(src/car_controller) by extension 'colcon_meta'
[3.266s] [34mcolcon.colcon_core.package_identification[0m [1;30mLevel 1[0m _identify(src/car_controller) by extensions ['ros']
[3.267s] [34mcolcon.colcon_core.package_identification[0m [1;30mLevel 1[0m _identify(src/car_controller) by extension 'ros'
[3.270s] [34mcolcon.colcon_core.package_identification[0m [1;30mDEBUG[0m [32mPackage 'src/car_controller' with type 'ros.ament_python' and name 'car_controller'[0m
[3.272s] [34mcolcon.colcon_core.package_identification[0m [1;30mLevel 1[0m _identify(src/serial_bridge) by extensions ['ignore', 'ignore_ament_install']
[3.272s] [34mcolcon.colcon_core.package_identification[0m [1;30mLevel 1[0m _identify(src/serial_bridge) by extension 'ignore'
[3.272s] [34mcolcon.colcon_core.package_identification[0m [1;30mLevel 1[0m _identify(src/serial_bridge) by extension 'ignore_ament_install'
[3.273s] [34mcolcon.colcon_core.package_identification[0m [1;30mLevel 1[0m _identify(src/serial_bridge) by extensions ['colcon_pkg']
[3.273s] [34mcolcon.colcon_core.package_identification[0m [1;30mLevel 1[0m _identify(src/serial_bridge) by extension 'colcon_pkg'
[3.273s] [34mcolcon.colcon_core.package_identification[0m [1;30mLevel 1[0m _identify(src/serial_bridge) by extensions ['colcon_meta']
[3.273s] [34mcolcon.colcon_core.package_identification[0m [1;30mLevel 1[0m _identify(src/serial_bridge) by extension 'colcon_meta'
[3.273s] [34mcolcon.colcon_core.package_identification[0m [1;30mLevel 1[0m _identify(src/serial_bridge) by extensions ['ros']
[3.273s] [34mcolcon.colcon_core.package_identification[0m [1;30mLevel 1[0m _identify(src/serial_bridge) by extension 'ros'
[3.277s] [34mcolcon.colcon_core.package_identification[0m [1;30mDEBUG[0m [32mPackage 'src/serial_bridge' with type 'ros.ament_python' and name 'serial_bridge'[0m
[3.277s] [34mcolcon.colcon_core.package_discovery[0m [1;30mLevel 1[0m discover_packages(recursive) using defaults
[3.277s] [34mcolcon.colcon_core.package_discovery[0m [1;30mLevel 1[0m discover_packages(ignore) discover
[3.277s] [34mcolcon.colcon_core.package_discovery[0m [1;30mLevel 1[0m discover_packages(ignore) using defaults
[3.278s] [34mcolcon.colcon_core.package_discovery[0m [1;30mLevel 1[0m discover_packages(path) discover
[3.278s] [34mcolcon.colcon_core.package_discovery[0m [1;30mLevel 1[0m discover_packages(path) using defaults
[3.379s] [34mcolcon.colcon_core.package_discovery[0m [1;30mLevel 1[0m discover_packages(prefix_path) check parameters
[3.379s] [34mcolcon.colcon_core.package_discovery[0m [1;30mLevel 1[0m discover_packages(prefix_path) discover
[3.402s] [34mcolcon.colcon_installed_package_information.package_discovery[0m [1;30mDEBUG[0m [32mFound 273 installed packages in /opt/ros/humble[0m
[3.410s] [34mcolcon.colcon_core.package_discovery[0m [1;30mLevel 1[0m discover_packages(prefix_path) using defaults
[3.714s] [34mcolcon.colcon_core.verb[0m [1;30mLevel 5[0m set package 'balloon_detector' build argument 'cmake_args' from command line to 'None'
[3.714s] [34mcolcon.colcon_core.verb[0m [1;30mLevel 5[0m set package 'balloon_detector' build argument 'cmake_target' from command line to 'None'
[3.714s] [34mcolcon.colcon_core.verb[0m [1;30mLevel 5[0m set package 'balloon_detector' build argument 'cmake_target_skip_unavailable' from command line to 'False'
[3.714s] [34mcolcon.colcon_core.verb[0m [1;30mLevel 5[0m set package 'balloon_detector' build argument 'cmake_clean_cache' from command line to 'False'
[3.714s] [34mcolcon.colcon_core.verb[0m [1;30mLevel 5[0m set package 'balloon_detector' build argument 'cmake_clean_first' from command line to 'False'
[3.714s] [34mcolcon.colcon_core.verb[0m [1;30mLevel 5[0m set package 'balloon_detector' build argument 'cmake_force_configure' from command line to 'False'
[3.715s] [34mcolcon.colcon_core.verb[0m [1;30mLevel 5[0m set package 'balloon_detector' build argument 'ament_cmake_args' from command line to 'None'
[3.715s] [34mcolcon.colcon_core.verb[0m [1;30mLevel 5[0m set package 'balloon_detector' build argument 'catkin_cmake_args' from command line to 'None'
[3.715s] [34mcolcon.colcon_core.verb[0m [1;30mLevel 5[0m set package 'balloon_detector' build argument 'catkin_skip_building_tests' from command line to 'False'
[3.715s] [34mcolcon.colcon_core.verb[0m [1;30mDEBUG[0m [32mBuilding package 'balloon_detector' with the following arguments: {'ament_cmake_args': None, 'build_base': '/home/fr/ros2_ws/balloon_ws/build/balloon_detector', 'catkin_cmake_args': None, 'catkin_skip_building_tests': False, 'cmake_args': None, 'cmake_clean_cache': False, 'cmake_clean_first': False, 'cmake_force_configure': False, 'cmake_target': None, 'cmake_target_skip_unavailable': False, 'install_base': '/home/fr/ros2_ws/balloon_ws/install/balloon_detector', 'merge_install': False, 'path': '/home/fr/ros2_ws/balloon_ws/src/balloon_detector', 'symlink_install': True, 'test_result_base': None}[0m
[3.716s] [34mcolcon.colcon_core.verb[0m [1;30mLevel 5[0m set package 'camera_node' build argument 'cmake_args' from command line to 'None'
[3.716s] [34mcolcon.colcon_core.verb[0m [1;30mLevel 5[0m set package 'camera_node' build argument 'cmake_target' from command line to 'None'
[3.717s] [34mcolcon.colcon_core.verb[0m [1;30mLevel 5[0m set package 'camera_node' build argument 'cmake_target_skip_unavailable' from command line to 'False'
[3.717s] [34mcolcon.colcon_core.verb[0m [1;30mLevel 5[0m set package 'camera_node' build argument 'cmake_clean_cache' from command line to 'False'
[3.717s] [34mcolcon.colcon_core.verb[0m [1;30mLevel 5[0m set package 'camera_node' build argument 'cmake_clean_first' from command line to 'False'
[3.717s] [34mcolcon.colcon_core.verb[0m [1;30mLevel 5[0m set package 'camera_node' build argument 'cmake_force_configure' from command line to 'False'
[3.717s] [34mcolcon.colcon_core.verb[0m [1;30mLevel 5[0m set package 'camera_node' build argument 'ament_cmake_args' from command line to 'None'
[3.717s] [34mcolcon.colcon_core.verb[0m [1;30mLevel 5[0m set package 'camera_node' build argument 'catkin_cmake_args' from command line to 'None'
[3.717s] [34mcolcon.colcon_core.verb[0m [1;30mLevel 5[0m set package 'camera_node' build argument 'catkin_skip_building_tests' from command line to 'False'
[3.717s] [34mcolcon.colcon_core.verb[0m [1;30mDEBUG[0m [32mBuilding package 'camera_node' with the following arguments: {'ament_cmake_args': None, 'build_base': '/home/fr/ros2_ws/balloon_ws/build/camera_node', 'catkin_cmake_args': None, 'catkin_skip_building_tests': False, 'cmake_args': None, 'cmake_clean_cache': False, 'cmake_clean_first': False, 'cmake_force_configure': False, 'cmake_target': None, 'cmake_target_skip_unavailable': False, 'install_base': '/home/fr/ros2_ws/balloon_ws/install/camera_node', 'merge_install': False, 'path': '/home/fr/ros2_ws/balloon_ws/src/camera_node', 'symlink_install': True, 'test_result_base': None}[0m
[3.719s] [34mcolcon.colcon_core.verb[0m [1;30mLevel 5[0m set package 'car_controller' build argument 'cmake_args' from command line to 'None'
[3.719s] [34mcolcon.colcon_core.verb[0m [1;30mLevel 5[0m set package 'car_controller' build argument 'cmake_target' from command line to 'None'
[3.719s] [34mcolcon.colcon_core.verb[0m [1;30mLevel 5[0m set package 'car_controller' build argument 'cmake_target_skip_unavailable' from command line to 'False'
[3.719s] [34mcolcon.colcon_core.verb[0m [1;30mLevel 5[0m set package 'car_controller' build argument 'cmake_clean_cache' from command line to 'False'
[3.719s] [34mcolcon.colcon_core.verb[0m [1;30mLevel 5[0m set package 'car_controller' build argument 'cmake_clean_first' from command line to 'False'
[3.719s] [34mcolcon.colcon_core.verb[0m [1;30mLevel 5[0m set package 'car_controller' build argument 'cmake_force_configure' from command line to 'False'
[3.719s] [34mcolcon.colcon_core.verb[0m [1;30mLevel 5[0m set package 'car_controller' build argument 'ament_cmake_args' from command line to 'None'
[3.719s] [34mcolcon.colcon_core.verb[0m [1;30mLevel 5[0m set package 'car_controller' build argument 'catkin_cmake_args' from command line to 'None'
[3.719s] [34mcolcon.colcon_core.verb[0m [1;30mLevel 5[0m set package 'car_controller' build argument 'catkin_skip_building_tests' from command line to 'False'
[3.720s] [34mcolcon.colcon_core.verb[0m [1;30mDEBUG[0m [32mBuilding package 'car_controller' with the following arguments: {'ament_cmake_args': None, 'build_base': '/home/fr/ros2_ws/balloon_ws/build/car_controller', 'catkin_cmake_args': None, 'catkin_skip_building_tests': False, 'cmake_args': None, 'cmake_clean_cache': False, 'cmake_clean_first': False, 'cmake_force_configure': False, 'cmake_target': None, 'cmake_target_skip_unavailable': False, 'install_base': '/home/fr/ros2_ws/balloon_ws/install/car_controller', 'merge_install': False, 'path': '/home/fr/ros2_ws/balloon_ws/src/car_controller', 'symlink_install': True, 'test_result_base': None}[0m
[3.721s] [34mcolcon.colcon_core.verb[0m [1;30mLevel 5[0m set package 'serial_bridge' build argument 'cmake_args' from command line to 'None'
[3.721s] [34mcolcon.colcon_core.verb[0m [1;30mLevel 5[0m set package 'serial_bridge' build argument 'cmake_target' from command line to 'None'
[3.721s] [34mcolcon.colcon_core.verb[0m [1;30mLevel 5[0m set package 'serial_bridge' build argument 'cmake_target_skip_unavailable' from command line to 'False'
[3.721s] [34mcolcon.colcon_core.verb[0m [1;30mLevel 5[0m set package 'serial_bridge' build argument 'cmake_clean_cache' from command line to 'False'
[3.721s] [34mcolcon.colcon_core.verb[0m [1;30mLevel 5[0m set package 'serial_bridge' build argument 'cmake_clean_first' from command line to 'False'
[3.721s] [34mcolcon.colcon_core.verb[0m [1;30mLevel 5[0m set package 'serial_bridge' build argument 'cmake_force_configure' from command line to 'False'
[3.721s] [34mcolcon.colcon_core.verb[0m [1;30mLevel 5[0m set package 'serial_bridge' build argument 'ament_cmake_args' from command line to 'None'
[3.722s] [34mcolcon.colcon_core.verb[0m [1;30mLevel 5[0m set package 'serial_bridge' build argument 'catkin_cmake_args' from command line to 'None'
[3.722s] [34mcolcon.colcon_core.verb[0m [1;30mLevel 5[0m set package 'serial_bridge' build argument 'catkin_skip_building_tests' from command line to 'False'
[3.722s] [34mcolcon.colcon_core.verb[0m [1;30mDEBUG[0m [32mBuilding package 'serial_bridge' with the following arguments: {'ament_cmake_args': None, 'build_base': '/home/fr/ros2_ws/balloon_ws/build/serial_bridge', 'catkin_cmake_args': None, 'catkin_skip_building_tests': False, 'cmake_args': None, 'cmake_clean_cache': False, 'cmake_clean_first': False, 'cmake_force_configure': False, 'cmake_target': None, 'cmake_target_skip_unavailable': False, 'install_base': '/home/fr/ros2_ws/balloon_ws/install/serial_bridge', 'merge_install': False, 'path': '/home/fr/ros2_ws/balloon_ws/src/serial_bridge', 'symlink_install': True, 'test_result_base': None}[0m
[3.722s] [34mcolcon.colcon_core.executor[0m [1;30mINFO[0m Executing jobs using 'parallel' executor
[3.726s] [34mcolcon.colcon_parallel_executor.executor.parallel[0m [1;30mDEBUG[0m [32mrun_until_complete[0m
[3.727s] [34mcolcon.colcon_ros.task.ament_python.build[0m [1;30mINFO[0m Building ROS package in '/home/fr/ros2_ws/balloon_ws/src/balloon_detector' with build type 'ament_python'
[3.728s] [34mcolcon.colcon_core.shell[0m [1;30mLevel 1[0m create_environment_hook('balloon_detector', 'ament_prefix_path')
[3.751s] [34mcolcon.colcon_core.plugin_system[0m [1;30mINFO[0m Skipping extension 'colcon_core.shell.bat': Not used on non-Windows systems
[3.752s] [34mcolcon.colcon_core.shell[0m [1;30mINFO[0m Creating environment hook '/home/fr/ros2_ws/balloon_ws/install/balloon_detector/share/balloon_detector/hook/ament_prefix_path.ps1'
[3.760s] [34mcolcon.colcon_core.shell[0m [1;30mINFO[0m Creating environment descriptor '/home/fr/ros2_ws/balloon_ws/install/balloon_detector/share/balloon_detector/hook/ament_prefix_path.dsv'
[3.765s] [34mcolcon.colcon_core.shell[0m [1;30mINFO[0m Creating environment hook '/home/fr/ros2_ws/balloon_ws/install/balloon_detector/share/balloon_detector/hook/ament_prefix_path.sh'
[3.811s] [34mcolcon.colcon_core.shell[0m [1;30mINFO[0m Skip shell extension 'powershell' for command environment: Not usable outside of PowerShell
[3.811s] [34mcolcon.colcon_core.shell[0m [1;30mDEBUG[0m [32mSkip shell extension 'dsv' for command environment[0m
[3.834s] [34mcolcon.colcon_ros.task.ament_python.build[0m [1;30mINFO[0m Building ROS package in '/home/fr/ros2_ws/balloon_ws/src/camera_node' with build type 'ament_python'
[3.835s] [34mcolcon.colcon_core.shell[0m [1;30mLevel 1[0m create_environment_hook('camera_node', 'ament_prefix_path')
[3.836s] [34mcolcon.colcon_core.shell[0m [1;30mINFO[0m Creating environment hook '/home/fr/ros2_ws/balloon_ws/install/camera_node/share/camera_node/hook/ament_prefix_path.ps1'
[3.842s] [34mcolcon.colcon_core.shell[0m [1;30mINFO[0m Creating environment descriptor '/home/fr/ros2_ws/balloon_ws/install/camera_node/share/camera_node/hook/ament_prefix_path.dsv'
[3.845s] [34mcolcon.colcon_core.shell[0m [1;30mINFO[0m Creating environment hook '/home/fr/ros2_ws/balloon_ws/install/camera_node/share/camera_node/hook/ament_prefix_path.sh'
[3.850s] [34mcolcon.colcon_core.shell[0m [1;30mINFO[0m Skip shell extension 'powershell' for command environment: Not usable outside of PowerShell
[3.850s] [34mcolcon.colcon_core.shell[0m [1;30mDEBUG[0m [32mSkip shell extension 'dsv' for command environment[0m
[3.869s] [34mcolcon.colcon_ros.task.ament_python.build[0m [1;30mINFO[0m Building ROS package in '/home/fr/ros2_ws/balloon_ws/src/car_controller' with build type 'ament_python'
[3.870s] [34mcolcon.colcon_core.shell[0m [1;30mLevel 1[0m create_environment_hook('car_controller', 'ament_prefix_path')
[3.871s] [34mcolcon.colcon_core.shell[0m [1;30mINFO[0m Creating environment hook '/home/fr/ros2_ws/balloon_ws/install/car_controller/share/car_controller/hook/ament_prefix_path.ps1'
[3.877s] [34mcolcon.colcon_core.shell[0m [1;30mINFO[0m Creating environment descriptor '/home/fr/ros2_ws/balloon_ws/install/car_controller/share/car_controller/hook/ament_prefix_path.dsv'
[3.880s] [34mcolcon.colcon_core.shell[0m [1;30mINFO[0m Creating environment hook '/home/fr/ros2_ws/balloon_ws/install/car_controller/share/car_controller/hook/ament_prefix_path.sh'
[3.884s] [34mcolcon.colcon_core.shell[0m [1;30mINFO[0m Skip shell extension 'powershell' for command environment: Not usable outside of PowerShell
[3.884s] [34mcolcon.colcon_core.shell[0m [1;30mDEBUG[0m [32mSkip shell extension 'dsv' for command environment[0m
[3.904s] [34mcolcon.colcon_ros.task.ament_python.build[0m [1;30mINFO[0m Building ROS package in '/home/fr/ros2_ws/balloon_ws/src/serial_bridge' with build type 'ament_python'
[3.904s] [34mcolcon.colcon_core.shell[0m [1;30mLevel 1[0m create_environment_hook('serial_bridge', 'ament_prefix_path')
[3.906s] [34mcolcon.colcon_core.shell[0m [1;30mINFO[0m Creating environment hook '/home/fr/ros2_ws/balloon_ws/install/serial_bridge/share/serial_bridge/hook/ament_prefix_path.ps1'
[3.912s] [34mcolcon.colcon_core.shell[0m [1;30mINFO[0m Creating environment descriptor '/home/fr/ros2_ws/balloon_ws/install/serial_bridge/share/serial_bridge/hook/ament_prefix_path.dsv'
[3.915s] [34mcolcon.colcon_core.shell[0m [1;30mINFO[0m Creating environment hook '/home/fr/ros2_ws/balloon_ws/install/serial_bridge/share/serial_bridge/hook/ament_prefix_path.sh'
[3.919s] [34mcolcon.colcon_core.shell[0m [1;30mINFO[0m Skip shell extension 'powershell' for command environment: Not usable outside of PowerShell
[3.919s] [34mcolcon.colcon_core.shell[0m [1;30mDEBUG[0m [32mSkip shell extension 'dsv' for command environment[0m
[5.804s] [34mcolcon.colcon_core.task.python.build[0m [1;30mINFO[0m Building Python package in '/home/fr/ros2_ws/balloon_ws/src/balloon_detector'
[5.805s] [34mcolcon.colcon_core.shell[0m [1;30mINFO[0m Skip shell extension 'powershell' for command environment: Not usable outside of PowerShell
[5.806s] [34mcolcon.colcon_core.shell[0m [1;30mDEBUG[0m [32mSkip shell extension 'dsv' for command environment[0m
[7.401s] [34mcolcon.colcon_core.task.python.build[0m [1;30mINFO[0m Building Python package in '/home/fr/ros2_ws/balloon_ws/src/camera_node'
[7.402s] [34mcolcon.colcon_core.shell[0m [1;30mINFO[0m Skip shell extension 'powershell' for command environment: Not usable outside of PowerShell
[7.403s] [34mcolcon.colcon_core.shell[0m [1;30mDEBUG[0m [32mSkip shell extension 'dsv' for command environment[0m
[8.779s] [34mcolcon.colcon_core.task.python.build[0m [1;30mINFO[0m Building Python package in '/home/fr/ros2_ws/balloon_ws/src/car_controller'
[8.781s] [34mcolcon.colcon_core.shell[0m [1;30mINFO[0m Skip shell extension 'powershell' for command environment: Not usable outside of PowerShell
[8.782s] [34mcolcon.colcon_core.shell[0m [1;30mDEBUG[0m [32mSkip shell extension 'dsv' for command environment[0m
[10.187s] [34mcolcon.colcon_core.task.python.build[0m [1;30mINFO[0m Building Python package in '/home/fr/ros2_ws/balloon_ws/src/serial_bridge'
[10.189s] [34mcolcon.colcon_core.shell[0m [1;30mINFO[0m Skip shell extension 'powershell' for command environment: Not usable outside of PowerShell
[10.189s] [34mcolcon.colcon_core.shell[0m [1;30mDEBUG[0m [32mSkip shell extension 'dsv' for command environment[0m
[13.338s] [34mcolcon.colcon_core.event_handler.log_command[0m [1;30mDEBUG[0m [32mInvoking command in '/home/fr/ros2_ws/balloon_ws/build/serial_bridge': PYTHONPATH=/home/fr/ros2_ws/balloon_ws/build/serial_bridge/prefix_override:/usr/lib/python3/dist-packages/colcon_core/task/python/colcon_distutils_commands:/home/fr/ros2_ws/balloon_ws/install/serial_bridge/lib/python3.10/site-packages:${PYTHONPATH} /usr/bin/python3 -W ignore:setup.py install is deprecated -W ignore:easy_install command is deprecated setup.py develop --editable --build-directory /home/fr/ros2_ws/balloon_ws/build/serial_bridge/build --no-deps symlink_data[0m
[13.383s] [34mcolcon.colcon_core.event_handler.log_command[0m [1;30mDEBUG[0m [32mInvoking command in '/home/fr/ros2_ws/balloon_ws/build/car_controller': PYTHONPATH=/home/fr/ros2_ws/balloon_ws/build/car_controller/prefix_override:/usr/lib/python3/dist-packages/colcon_core/task/python/colcon_distutils_commands:/home/fr/ros2_ws/balloon_ws/install/car_controller/lib/python3.10/site-packages:${PYTHONPATH} /usr/bin/python3 -W ignore:setup.py install is deprecated -W ignore:easy_install command is deprecated setup.py develop --editable --build-directory /home/fr/ros2_ws/balloon_ws/build/car_controller/build --no-deps symlink_data[0m
[13.394s] [34mcolcon.colcon_core.event_handler.log_command[0m [1;30mDEBUG[0m [32mInvoking command in '/home/fr/ros2_ws/balloon_ws/build/balloon_detector': PYTHONPATH=/home/fr/ros2_ws/balloon_ws/build/balloon_detector/prefix_override:/usr/lib/python3/dist-packages/colcon_core/task/python/colcon_distutils_commands:/home/fr/ros2_ws/balloon_ws/install/balloon_detector/lib/python3.10/site-packages:${PYTHONPATH} /usr/bin/python3 -W ignore:setup.py install is deprecated -W ignore:easy_install command is deprecated setup.py develop --editable --build-directory /home/fr/ros2_ws/balloon_ws/build/balloon_detector/build --no-deps symlink_data[0m
[13.426s] [34mcolcon.colcon_core.event_handler.log_command[0m [1;30mDEBUG[0m [32mInvoking command in '/home/fr/ros2_ws/balloon_ws/build/camera_node': PYTHONPATH=/home/fr/ros2_ws/balloon_ws/build/camera_node/prefix_override:/usr/lib/python3/dist-packages/colcon_core/task/python/colcon_distutils_commands:/home/fr/ros2_ws/balloon_ws/install/camera_node/lib/python3.10/site-packages:${PYTHONPATH} /usr/bin/python3 -W ignore:setup.py install is deprecated -W ignore:easy_install command is deprecated setup.py develop --editable --build-directory /home/fr/ros2_ws/balloon_ws/build/camera_node/build --no-deps symlink_data[0m
[18.001s] [34mcolcon.colcon_core.shell[0m [1;30mLevel 1[0m create_environment_hook('car_controller', 'pythonpath_develop')
[18.008s] [34mcolcon.colcon_core.shell[0m [1;30mINFO[0m Creating environment hook '/home/fr/ros2_ws/balloon_ws/build/car_controller/share/car_controller/hook/pythonpath_develop.ps1'
[18.010s] [34mcolcon.colcon_core.event_handler.log_command[0m [1;30mDEBUG[0m [32mInvoked command in '/home/fr/ros2_ws/balloon_ws/build/car_controller' returned '0': PYTHONPATH=/home/fr/ros2_ws/balloon_ws/build/car_controller/prefix_override:/usr/lib/python3/dist-packages/colcon_core/task/python/colcon_distutils_commands:/home/fr/ros2_ws/balloon_ws/install/car_controller/lib/python3.10/site-packages:${PYTHONPATH} /usr/bin/python3 -W ignore:setup.py install is deprecated -W ignore:easy_install command is deprecated setup.py develop --editable --build-directory /home/fr/ros2_ws/balloon_ws/build/car_controller/build --no-deps symlink_data[0m
[18.044s] [34mcolcon.colcon_core.shell[0m [1;30mINFO[0m Creating environment descriptor '/home/fr/ros2_ws/balloon_ws/build/car_controller/share/car_controller/hook/pythonpath_develop.dsv'
[18.050s] [34mcolcon.colcon_core.shell[0m [1;30mINFO[0m Creating environment hook '/home/fr/ros2_ws/balloon_ws/build/car_controller/share/car_controller/hook/pythonpath_develop.sh'
[18.143s] [34mcolcon.colcon_core.environment[0m [1;30mLevel 1[0m checking '/home/fr/ros2_ws/balloon_ws/install/car_controller' for CMake module files
[18.150s] [34mcolcon.colcon_core.environment[0m [1;30mLevel 1[0m checking '/home/fr/ros2_ws/balloon_ws/install/car_controller' for CMake config files
[18.161s] [34mcolcon.colcon_core.environment[0m [1;30mLevel 1[0m checking '/home/fr/ros2_ws/balloon_ws/install/car_controller/lib'
[18.163s] [34mcolcon.colcon_core.environment[0m [1;30mLevel 1[0m checking '/home/fr/ros2_ws/balloon_ws/install/car_controller/bin'
[18.164s] [34mcolcon.colcon_core.environment[0m [1;30mLevel 1[0m checking '/home/fr/ros2_ws/balloon_ws/install/car_controller/lib/pkgconfig/car_controller.pc'
[18.166s] [34mcolcon.colcon_core.environment[0m [1;30mLevel 1[0m checking '/home/fr/ros2_ws/balloon_ws/install/car_controller/lib/python3.10/site-packages'
[18.166s] [34mcolcon.colcon_core.shell[0m [1;30mLevel 1[0m create_environment_hook('car_controller', 'pythonpath')
[18.168s] [34mcolcon.colcon_core.shell[0m [1;30mINFO[0m Creating environment hook '/home/fr/ros2_ws/balloon_ws/install/car_controller/share/car_controller/hook/pythonpath.ps1'
[18.172s] [34mcolcon.colcon_core.shell[0m [1;30mINFO[0m Creating environment descriptor '/home/fr/ros2_ws/balloon_ws/install/car_controller/share/car_controller/hook/pythonpath.dsv'
[18.176s] [34mcolcon.colcon_core.shell[0m [1;30mINFO[0m Creating environment hook '/home/fr/ros2_ws/balloon_ws/install/car_controller/share/car_controller/hook/pythonpath.sh'
[18.185s] [34mcolcon.colcon_core.environment[0m [1;30mLevel 1[0m checking '/home/fr/ros2_ws/balloon_ws/install/car_controller/bin'
[18.185s] [34mcolcon.colcon_core.environment[0m [1;30mLevel 1[0m create_environment_scripts_only(car_controller)
[18.187s] [34mcolcon.colcon_core.shell[0m [1;30mINFO[0m Creating package script '/home/fr/ros2_ws/balloon_ws/install/car_controller/share/car_controller/package.ps1'
[18.195s] [34mcolcon.colcon_core.shell[0m [1;30mINFO[0m Creating package descriptor '/home/fr/ros2_ws/balloon_ws/install/car_controller/share/car_controller/package.dsv'
[18.200s] [34mcolcon.colcon_core.shell[0m [1;30mINFO[0m Creating package script '/home/fr/ros2_ws/balloon_ws/install/car_controller/share/car_controller/package.sh'
[18.206s] [34mcolcon.colcon_core.shell[0m [1;30mINFO[0m Creating package script '/home/fr/ros2_ws/balloon_ws/install/car_controller/share/car_controller/package.bash'
[18.211s] [34mcolcon.colcon_core.shell[0m [1;30mINFO[0m Creating package script '/home/fr/ros2_ws/balloon_ws/install/car_controller/share/car_controller/package.zsh'
[18.216s] [34mcolcon.colcon_core.environment[0m [1;30mLevel 1[0m create_file_with_runtime_dependencies(/home/fr/ros2_ws/balloon_ws/install/car_controller/share/colcon-core/packages/car_controller)
[18.221s] [34mcolcon.colcon_core.shell[0m [1;30mLevel 1[0m create_environment_hook('serial_bridge', 'pythonpath_develop')
[18.223s] [34mcolcon.colcon_core.shell[0m [1;30mINFO[0m Creating environment hook '/home/fr/ros2_ws/balloon_ws/build/serial_bridge/share/serial_bridge/hook/pythonpath_develop.ps1'
[18.226s] [34mcolcon.colcon_core.event_handler.log_command[0m [1;30mDEBUG[0m [32mInvoked command in '/home/fr/ros2_ws/balloon_ws/build/serial_bridge' returned '0': PYTHONPATH=/home/fr/ros2_ws/balloon_ws/build/serial_bridge/prefix_override:/usr/lib/python3/dist-packages/colcon_core/task/python/colcon_distutils_commands:/home/fr/ros2_ws/balloon_ws/install/serial_bridge/lib/python3.10/site-packages:${PYTHONPATH} /usr/bin/python3 -W ignore:setup.py install is deprecated -W ignore:easy_install command is deprecated setup.py develop --editable --build-directory /home/fr/ros2_ws/balloon_ws/build/serial_bridge/build --no-deps symlink_data[0m
[18.229s] [34mcolcon.colcon_core.shell[0m [1;30mINFO[0m Creating environment descriptor '/home/fr/ros2_ws/balloon_ws/build/serial_bridge/share/serial_bridge/hook/pythonpath_develop.dsv'
[18.232s] [34mcolcon.colcon_core.shell[0m [1;30mINFO[0m Creating environment hook '/home/fr/ros2_ws/balloon_ws/build/serial_bridge/share/serial_bridge/hook/pythonpath_develop.sh'
[18.236s] [34mcolcon.colcon_core.environment[0m [1;30mLevel 1[0m checking '/home/fr/ros2_ws/balloon_ws/install/serial_bridge' for CMake module files
[18.247s] [34mcolcon.colcon_core.environment[0m [1;30mLevel 1[0m checking '/home/fr/ros2_ws/balloon_ws/install/serial_bridge' for CMake config files
[18.258s] [34mcolcon.colcon_core.environment[0m [1;30mLevel 1[0m checking '/home/fr/ros2_ws/balloon_ws/install/serial_bridge/lib'
[18.259s] [34mcolcon.colcon_core.environment[0m [1;30mLevel 1[0m checking '/home/fr/ros2_ws/balloon_ws/install/serial_bridge/bin'
[18.260s] [34mcolcon.colcon_core.environment[0m [1;30mLevel 1[0m checking '/home/fr/ros2_ws/balloon_ws/install/serial_bridge/lib/pkgconfig/serial_bridge.pc'
[18.261s] [34mcolcon.colcon_core.environment[0m [1;30mLevel 1[0m checking '/home/fr/ros2_ws/balloon_ws/install/serial_bridge/lib/python3.10/site-packages'
[18.262s] [34mcolcon.colcon_core.shell[0m [1;30mLevel 1[0m create_environment_hook('serial_bridge', 'pythonpath')
[18.263s] [34mcolcon.colcon_core.shell[0m [1;30mINFO[0m Creating environment hook '/home/fr/ros2_ws/balloon_ws/install/serial_bridge/share/serial_bridge/hook/pythonpath.ps1'
[18.266s] [34mcolcon.colcon_core.shell[0m [1;30mINFO[0m Creating environment descriptor '/home/fr/ros2_ws/balloon_ws/install/serial_bridge/share/serial_bridge/hook/pythonpath.dsv'
[18.269s] [34mcolcon.colcon_core.shell[0m [1;30mINFO[0m Creating environment hook '/home/fr/ros2_ws/balloon_ws/install/serial_bridge/share/serial_bridge/hook/pythonpath.sh'
[18.274s] [34mcolcon.colcon_core.environment[0m [1;30mLevel 1[0m checking '/home/fr/ros2_ws/balloon_ws/install/serial_bridge/bin'
[18.274s] [34mcolcon.colcon_core.environment[0m [1;30mLevel 1[0m create_environment_scripts_only(serial_bridge)
[18.276s] [34mcolcon.colcon_core.shell[0m [1;30mINFO[0m Creating package script '/home/fr/ros2_ws/balloon_ws/install/serial_bridge/share/serial_bridge/package.ps1'
[18.287s] [34mcolcon.colcon_core.shell[0m [1;30mINFO[0m Creating package descriptor '/home/fr/ros2_ws/balloon_ws/install/serial_bridge/share/serial_bridge/package.dsv'
[18.292s] [34mcolcon.colcon_core.shell[0m [1;30mINFO[0m Creating package script '/home/fr/ros2_ws/balloon_ws/install/serial_bridge/share/serial_bridge/package.sh'
[18.298s] [34mcolcon.colcon_core.shell[0m [1;30mINFO[0m Creating package script '/home/fr/ros2_ws/balloon_ws/install/serial_bridge/share/serial_bridge/package.bash'
[18.302s] [34mcolcon.colcon_core.shell[0m [1;30mINFO[0m Creating package script '/home/fr/ros2_ws/balloon_ws/install/serial_bridge/share/serial_bridge/package.zsh'
[18.305s] [34mcolcon.colcon_core.environment[0m [1;30mLevel 1[0m create_file_with_runtime_dependencies(/home/fr/ros2_ws/balloon_ws/install/serial_bridge/share/colcon-core/packages/serial_bridge)
[18.310s] [34mcolcon.colcon_core.shell[0m [1;30mLevel 1[0m create_environment_hook('balloon_detector', 'pythonpath_develop')
[18.312s] [34mcolcon.colcon_core.shell[0m [1;30mINFO[0m Creating environment hook '/home/fr/ros2_ws/balloon_ws/build/balloon_detector/share/balloon_detector/hook/pythonpath_develop.ps1'
[18.319s] [34mcolcon.colcon_core.shell[0m [1;30mINFO[0m Creating environment descriptor '/home/fr/ros2_ws/balloon_ws/build/balloon_detector/share/balloon_detector/hook/pythonpath_develop.dsv'
[18.327s] [34mcolcon.colcon_core.event_handler.log_command[0m [1;30mDEBUG[0m [32mInvoked command in '/home/fr/ros2_ws/balloon_ws/build/balloon_detector' returned '0': PYTHONPATH=/home/fr/ros2_ws/balloon_ws/build/balloon_detector/prefix_override:/usr/lib/python3/dist-packages/colcon_core/task/python/colcon_distutils_commands:/home/fr/ros2_ws/balloon_ws/install/balloon_detector/lib/python3.10/site-packages:${PYTHONPATH} /usr/bin/python3 -W ignore:setup.py install is deprecated -W ignore:easy_install command is deprecated setup.py develop --editable --build-directory /home/fr/ros2_ws/balloon_ws/build/balloon_detector/build --no-deps symlink_data[0m
[18.329s] [34mcolcon.colcon_core.shell[0m [1;30mINFO[0m Creating environment hook '/home/fr/ros2_ws/balloon_ws/build/balloon_detector/share/balloon_detector/hook/pythonpath_develop.sh'
[18.336s] [34mcolcon.colcon_core.environment[0m [1;30mLevel 1[0m checking '/home/fr/ros2_ws/balloon_ws/install/balloon_detector' for CMake module files
[18.342s] [34mcolcon.colcon_core.environment[0m [1;30mLevel 1[0m checking '/home/fr/ros2_ws/balloon_ws/install/balloon_detector' for CMake config files
[18.355s] [34mcolcon.colcon_core.environment[0m [1;30mLevel 1[0m checking '/home/fr/ros2_ws/balloon_ws/install/balloon_detector/lib'
[18.356s] [34mcolcon.colcon_core.environment[0m [1;30mLevel 1[0m checking '/home/fr/ros2_ws/balloon_ws/install/balloon_detector/bin'
[18.358s] [34mcolcon.colcon_core.environment[0m [1;30mLevel 1[0m checking '/home/fr/ros2_ws/balloon_ws/install/balloon_detector/lib/pkgconfig/balloon_detector.pc'
[18.361s] [34mcolcon.colcon_core.environment[0m [1;30mLevel 1[0m checking '/home/fr/ros2_ws/balloon_ws/install/balloon_detector/lib/python3.10/site-packages'
[18.362s] [34mcolcon.colcon_core.shell[0m [1;30mLevel 1[0m create_environment_hook('balloon_detector', 'pythonpath')
[18.363s] [34mcolcon.colcon_core.shell[0m [1;30mINFO[0m Creating environment hook '/home/fr/ros2_ws/balloon_ws/install/balloon_detector/share/balloon_detector/hook/pythonpath.ps1'
[18.369s] [34mcolcon.colcon_core.shell[0m [1;30mINFO[0m Creating environment descriptor '/home/fr/ros2_ws/balloon_ws/install/balloon_detector/share/balloon_detector/hook/pythonpath.dsv'
[18.375s] [34mcolcon.colcon_core.shell[0m [1;30mINFO[0m Creating environment hook '/home/fr/ros2_ws/balloon_ws/install/balloon_detector/share/balloon_detector/hook/pythonpath.sh'
[18.385s] [34mcolcon.colcon_core.environment[0m [1;30mLevel 1[0m checking '/home/fr/ros2_ws/balloon_ws/install/balloon_detector/bin'
[18.386s] [34mcolcon.colcon_core.environment[0m [1;30mLevel 1[0m create_environment_scripts_only(balloon_detector)
[18.388s] [34mcolcon.colcon_core.shell[0m [1;30mINFO[0m Creating package script '/home/fr/ros2_ws/balloon_ws/install/balloon_detector/share/balloon_detector/package.ps1'
[18.395s] [34mcolcon.colcon_core.shell[0m [1;30mINFO[0m Creating package descriptor '/home/fr/ros2_ws/balloon_ws/install/balloon_detector/share/balloon_detector/package.dsv'
[18.400s] [34mcolcon.colcon_core.shell[0m [1;30mINFO[0m Creating package script '/home/fr/ros2_ws/balloon_ws/install/balloon_detector/share/balloon_detector/package.sh'
[18.405s] [34mcolcon.colcon_core.shell[0m [1;30mINFO[0m Creating package script '/home/fr/ros2_ws/balloon_ws/install/balloon_detector/share/balloon_detector/package.bash'
[18.409s] [34mcolcon.colcon_core.shell[0m [1;30mINFO[0m Creating package script '/home/fr/ros2_ws/balloon_ws/install/balloon_detector/share/balloon_detector/package.zsh'
[18.415s] [34mcolcon.colcon_core.environment[0m [1;30mLevel 1[0m create_file_with_runtime_dependencies(/home/fr/ros2_ws/balloon_ws/install/balloon_detector/share/colcon-core/packages/balloon_detector)
[18.474s] [34mcolcon.colcon_core.shell[0m [1;30mLevel 1[0m create_environment_hook('camera_node', 'pythonpath_develop')
[18.475s] [34mcolcon.colcon_core.shell[0m [1;30mINFO[0m Creating environment hook '/home/fr/ros2_ws/balloon_ws/build/camera_node/share/camera_node/hook/pythonpath_develop.ps1'
[18.478s] [34mcolcon.colcon_core.event_handler.log_command[0m [1;30mDEBUG[0m [32mInvoked command in '/home/fr/ros2_ws/balloon_ws/build/camera_node' returned '0': PYTHONPATH=/home/fr/ros2_ws/balloon_ws/build/camera_node/prefix_override:/usr/lib/python3/dist-packages/colcon_core/task/python/colcon_distutils_commands:/home/fr/ros2_ws/balloon_ws/install/camera_node/lib/python3.10/site-packages:${PYTHONPATH} /usr/bin/python3 -W ignore:setup.py install is deprecated -W ignore:easy_install command is deprecated setup.py develop --editable --build-directory /home/fr/ros2_ws/balloon_ws/build/camera_node/build --no-deps symlink_data[0m
[18.480s] [34mcolcon.colcon_core.shell[0m [1;30mINFO[0m Creating environment descriptor '/home/fr/ros2_ws/balloon_ws/build/camera_node/share/camera_node/hook/pythonpath_develop.dsv'
[18.482s] [34mcolcon.colcon_core.shell[0m [1;30mINFO[0m Creating environment hook '/home/fr/ros2_ws/balloon_ws/build/camera_node/share/camera_node/hook/pythonpath_develop.sh'
[18.485s] [34mcolcon.colcon_core.environment[0m [1;30mLevel 1[0m checking '/home/fr/ros2_ws/balloon_ws/install/camera_node' for CMake module files
[18.488s] [34mcolcon.colcon_core.environment[0m [1;30mLevel 1[0m checking '/home/fr/ros2_ws/balloon_ws/install/camera_node' for CMake config files
[18.492s] [34mcolcon.colcon_core.environment[0m [1;30mLevel 1[0m checking '/home/fr/ros2_ws/balloon_ws/install/camera_node/lib'
[18.492s] [34mcolcon.colcon_core.environment[0m [1;30mLevel 1[0m checking '/home/fr/ros2_ws/balloon_ws/install/camera_node/bin'
[18.493s] [34mcolcon.colcon_core.environment[0m [1;30mLevel 1[0m checking '/home/fr/ros2_ws/balloon_ws/install/camera_node/lib/pkgconfig/camera_node.pc'
[18.493s] [34mcolcon.colcon_core.environment[0m [1;30mLevel 1[0m checking '/home/fr/ros2_ws/balloon_ws/install/camera_node/lib/python3.10/site-packages'
[18.494s] [34mcolcon.colcon_core.shell[0m [1;30mLevel 1[0m create_environment_hook('camera_node', 'pythonpath')
[18.495s] [34mcolcon.colcon_core.shell[0m [1;30mINFO[0m Creating environment hook '/home/fr/ros2_ws/balloon_ws/install/camera_node/share/camera_node/hook/pythonpath.ps1'
[18.497s] [34mcolcon.colcon_core.shell[0m [1;30mINFO[0m Creating environment descriptor '/home/fr/ros2_ws/balloon_ws/install/camera_node/share/camera_node/hook/pythonpath.dsv'
[18.499s] [34mcolcon.colcon_core.shell[0m [1;30mINFO[0m Creating environment hook '/home/fr/ros2_ws/balloon_ws/install/camera_node/share/camera_node/hook/pythonpath.sh'
[18.503s] [34mcolcon.colcon_core.environment[0m [1;30mLevel 1[0m checking '/home/fr/ros2_ws/balloon_ws/install/camera_node/bin'
[18.503s] [34mcolcon.colcon_core.environment[0m [1;30mLevel 1[0m create_environment_scripts_only(camera_node)
[18.505s] [34mcolcon.colcon_core.shell[0m [1;30mINFO[0m Creating package script '/home/fr/ros2_ws/balloon_ws/install/camera_node/share/camera_node/package.ps1'
[18.509s] [34mcolcon.colcon_core.shell[0m [1;30mINFO[0m Creating package descriptor '/home/fr/ros2_ws/balloon_ws/install/camera_node/share/camera_node/package.dsv'
[18.511s] [34mcolcon.colcon_core.shell[0m [1;30mINFO[0m Creating package script '/home/fr/ros2_ws/balloon_ws/install/camera_node/share/camera_node/package.sh'
[18.513s] [34mcolcon.colcon_core.shell[0m [1;30mINFO[0m Creating package script '/home/fr/ros2_ws/balloon_ws/install/camera_node/share/camera_node/package.bash'
[18.515s] [34mcolcon.colcon_core.shell[0m [1;30mINFO[0m Creating package script '/home/fr/ros2_ws/balloon_ws/install/camera_node/share/camera_node/package.zsh'
[18.517s] [34mcolcon.colcon_core.environment[0m [1;30mLevel 1[0m create_file_with_runtime_dependencies(/home/fr/ros2_ws/balloon_ws/install/camera_node/share/colcon-core/packages/camera_node)
[18.519s] [34mcolcon.colcon_parallel_executor.executor.parallel[0m [1;30mDEBUG[0m [32mclosing loop[0m
[18.520s] [34mcolcon.colcon_parallel_executor.executor.parallel[0m [1;30mDEBUG[0m [32mloop closed[0m
[18.521s] [34mcolcon.colcon_parallel_executor.executor.parallel[0m [1;30mDEBUG[0m [32mrun_until_complete finished with '0'[0m
[18.522s] [34mcolcon.colcon_core.event_reactor[0m [1;30mDEBUG[0m [32mjoining thread[0m
[18.643s] [34mcolcon.colcon_core.plugin_system[0m [1;30mINFO[0m Skipping extension 'colcon_notification.desktop_notification.terminal_notifier': Not used on non-Darwin systems
[18.644s] [34mcolcon.colcon_core.plugin_system[0m [1;30mINFO[0m Skipping extension 'colcon_notification.desktop_notification.win32': Not used on non-Windows systems
[18.644s] [34mcolcon.colcon_notification.desktop_notification[0m [1;30mINFO[0m Sending desktop notification using 'notify2'
[19.472s] [34mcolcon.colcon_core.event_reactor[0m [1;30mDEBUG[0m [32mjoined thread[0m
[19.474s] [34mcolcon.colcon_core.shell[0m [1;30mINFO[0m Creating prefix script '/home/fr/ros2_ws/balloon_ws/install/local_setup.ps1'
[19.485s] [34mcolcon.colcon_core.shell[0m [1;30mINFO[0m Creating prefix util module '/home/fr/ros2_ws/balloon_ws/install/_local_setup_util_ps1.py'
[19.495s] [34mcolcon.colcon_core.shell[0m [1;30mINFO[0m Creating prefix chain script '/home/fr/ros2_ws/balloon_ws/install/setup.ps1'
[19.506s] [34mcolcon.colcon_core.shell[0m [1;30mINFO[0m Creating prefix script '/home/fr/ros2_ws/balloon_ws/install/local_setup.sh'
[19.511s] [34mcolcon.colcon_core.shell[0m [1;30mINFO[0m Creating prefix util module '/home/fr/ros2_ws/balloon_ws/install/_local_setup_util_sh.py'
[19.514s] [34mcolcon.colcon_core.shell[0m [1;30mINFO[0m Creating prefix chain script '/home/fr/ros2_ws/balloon_ws/install/setup.sh'
[19.525s] [34mcolcon.colcon_core.shell[0m [1;30mINFO[0m Creating prefix script '/home/fr/ros2_ws/balloon_ws/install/local_setup.bash'
[19.533s] [34mcolcon.colcon_core.shell[0m [1;30mINFO[0m Creating prefix chain script '/home/fr/ros2_ws/balloon_ws/install/setup.bash'
[19.542s] [34mcolcon.colcon_core.shell[0m [1;30mINFO[0m Creating prefix script '/home/fr/ros2_ws/balloon_ws/install/local_setup.zsh'
[19.547s] [34mcolcon.colcon_core.shell[0m [1;30mINFO[0m Creating prefix chain script '/home/fr/ros2_ws/balloon_ws/install/setup.zsh'
