running egg_info
creating ../../build/dht11_pkg/dht11_pkg.egg-info
writing ../../build/dht11_pkg/dht11_pkg.egg-info/PKG-INFO
writing dependency_links to ../../build/dht11_pkg/dht11_pkg.egg-info/dependency_links.txt
writing entry points to ../../build/dht11_pkg/dht11_pkg.egg-info/entry_points.txt
writing requirements to ../../build/dht11_pkg/dht11_pkg.egg-info/requires.txt
writing top-level names to ../../build/dht11_pkg/dht11_pkg.egg-info/top_level.txt
writing manifest file '../../build/dht11_pkg/dht11_pkg.egg-info/SOURCES.txt'
reading manifest file '../../build/dht11_pkg/dht11_pkg.egg-info/SOURCES.txt'
writing manifest file '../../build/dht11_pkg/dht11_pkg.egg-info/SOURCES.txt'
running build
running build_py
creating /home/a720a/ros2_ws/build/dht11_pkg/build
creating /home/a720a/ros2_ws/build/dht11_pkg/build/lib
creating /home/a720a/ros2_ws/build/dht11_pkg/build/lib/dht11_pkg
copying dht11_pkg/__init__.py -> /home/a720a/ros2_ws/build/dht11_pkg/build/lib/dht11_pkg
running install
running install_lib
creating /home/a720a/ros2_ws/install/dht11_pkg/lib/python3.12/site-packages/dht11_pkg
copying /home/a720a/ros2_ws/build/dht11_pkg/build/lib/dht11_pkg/__init__.py -> /home/a720a/ros2_ws/install/dht11_pkg/lib/python3.12/site-packages/dht11_pkg
byte-compiling /home/a720a/ros2_ws/install/dht11_pkg/lib/python3.12/site-packages/dht11_pkg/__init__.py to __init__.cpython-312.pyc
running install_data
creating /home/a720a/ros2_ws/install/dht11_pkg/share/ament_index
creating /home/a720a/ros2_ws/install/dht11_pkg/share/ament_index/resource_index
creating /home/a720a/ros2_ws/install/dht11_pkg/share/ament_index/resource_index/packages
copying resource/dht11_pkg -> /home/a720a/ros2_ws/install/dht11_pkg/share/ament_index/resource_index/packages
copying package.xml -> /home/a720a/ros2_ws/install/dht11_pkg/share/dht11_pkg
running install_egg_info
Copying ../../build/dht11_pkg/dht11_pkg.egg-info to /home/a720a/ros2_ws/install/dht11_pkg/lib/python3.12/site-packages/dht11_pkg-0.0.0-py3.12.egg-info
running install_scripts
Installing monitor script to /home/a720a/ros2_ws/install/dht11_pkg/lib/dht11_pkg
Installing publisher script to /home/a720a/ros2_ws/install/dht11_pkg/lib/dht11_pkg
Installing subscriber script to /home/a720a/ros2_ws/install/dht11_pkg/lib/dht11_pkg
writing list of installed files to '/home/a720a/ros2_ws/build/dht11_pkg/install.log'
